Component: ARM Compiler 5.06 update 5 (build 528) Tool: armlink [4d35e2]

==============================================================================

Section Cross References

    main.o(i.CursorHome) refers to main.o(i.SendCommandToLCD) for SendCommandToLCD
    main.o(i.EableLCD) refers to main.o(i.delay) for delay
    main.o(i.EableLCD) refers to main.o(i.digitalWrite) for digitalWrite
    main.o(i.LCDBegin) refers to main.o(i.SendCommandToLCD) for SendCommandToLCD
    main.o(i.LCDBegin) refers to main.o(i.LCDClear) for LCDClear
    main.o(i.LCDCharacterMode) refers to main.o(i.digitalWrite) for digitalWrite
    main.o(i.LCDClear) refers to main.o(i.SendCommandToLCD) for SendCommandToLCD
    main.o(i.LCDCommandMode) refers to main.o(i.digitalWrite) for digitalWrite
    main.o(i.LCDInitialize) refers to main.o(i.GPIOSetOutput) for GPIOSetOutput
    main.o(i.LCDInitialize) refers to main.o(i.digitalWrite) for digitalWrite
    main.o(i.LCDPrintFloat) refers to _printf_percent.o(.ARM.Collect$$_printf_percent$$00000000) for _printf_percent
    main.o(i.LCDPrintFloat) refers to _printf_f.o(.ARM.Collect$$_printf_percent$$00000003) for _printf_f
    main.o(i.LCDPrintFloat) refers to printf1.o(x$fpl$printf1) for _printf_fp_dec
    main.o(i.LCDPrintFloat) refers to h1_alloc.o(.text) for malloc
    main.o(i.LCDPrintFloat) refers to f2d.o(x$fpl$f2d) for __aeabi_f2d
    main.o(i.LCDPrintFloat) refers to noretval__2sprintf.o(.text) for __2sprintf
    main.o(i.LCDPrintFloat) refers to main.o(i.LCDPrintString) for LCDPrintString
    main.o(i.LCDPrintFloat) refers to h1_free.o(.text) for free
    main.o(i.LCDPrintInteger) refers to _printf_percent.o(.ARM.Collect$$_printf_percent$$00000000) for _printf_percent
    main.o(i.LCDPrintInteger) refers to _printf_d.o(.ARM.Collect$$_printf_percent$$00000009) for _printf_d
    main.o(i.LCDPrintInteger) refers to _printf_dec.o(.text) for _printf_int_dec
    main.o(i.LCDPrintInteger) refers to h1_alloc.o(.text) for malloc
    main.o(i.LCDPrintInteger) refers to noretval__2sprintf.o(.text) for __2sprintf
    main.o(i.LCDPrintInteger) refers to main.o(i.LCDPrintString) for LCDPrintString
    main.o(i.LCDPrintInteger) refers to h1_free.o(.text) for free
    main.o(i.LCDPrintMatrix) refers to main.o(i.SendCharacterToLCD) for SendCharacterToLCD
    main.o(i.LCDPrintString) refers to main.o(i.SendCharacterToLCD) for SendCharacterToLCD
    main.o(i.LCDReset) refers to main.o(i.digitalWrite) for digitalWrite
    main.o(i.LCDReset) refers to main.o(i.delay) for delay
    main.o(i.LCDSetToRead) refers to main.o(i.digitalWrite) for digitalWrite
    main.o(i.LCDSetToWrite) refers to main.o(i.digitalWrite) for digitalWrite
    main.o(i.LCDWelcome) refers to main.o(i.LCDClear) for LCDClear
    main.o(i.LCDWelcome) refers to main.o(i.setCursor) for setCursor
    main.o(i.LCDWelcome) refers to main.o(i.LCDPrintString) for LCDPrintString
    main.o(i.LCDWelcome) refers to main.o(i.SendCharacterToLCD) for SendCharacterToLCD
    main.o(i.LCDWelcome) refers to main.o(i.LCDPrintMatrix) for LCDPrintMatrix
    main.o(i.LCDWelcome) refers to main.o(i.delay) for delay
    main.o(i.LCDWelcome) refers to main.o(.data) for Develeper
    main.o(i.SendBytesToLCD) refers to main.o(i.digitalWrite) for digitalWrite
    main.o(i.SendBytesToLCD) refers to main.o(i.delay) for delay
    main.o(i.SendCharacterToLCD) refers to main.o(i.LCDSetToWrite) for LCDSetToWrite
    main.o(i.SendCharacterToLCD) refers to main.o(i.LCDCharacterMode) for LCDCharacterMode
    main.o(i.SendCharacterToLCD) refers to main.o(i.EableLCD) for EableLCD
    main.o(i.SendCharacterToLCD) refers to main.o(i.SendBytesToLCD) for SendBytesToLCD
    main.o(i.SendCommandToLCD) refers to main.o(i.LCDSetToWrite) for LCDSetToWrite
    main.o(i.SendCommandToLCD) refers to main.o(i.LCDCommandMode) for LCDCommandMode
    main.o(i.SendCommandToLCD) refers to main.o(i.EableLCD) for EableLCD
    main.o(i.SendCommandToLCD) refers to main.o(i.SendBytesToLCD) for SendBytesToLCD
    main.o(i.main) refers to main.o(i.LCDInitialize) for LCDInitialize
    main.o(i.main) refers to main.o(i.LCDBegin) for LCDBegin
    main.o(i.main) refers to main.o(i.LCDWelcome) for LCDWelcome
    main.o(i.main) refers to main.o(i.LCDPrintString) for LCDPrintString
    main.o(i.main) refers to main.o(i.setCursor) for setCursor
    main.o(i.main) refers to main.o(i.LCDPrintInteger) for LCDPrintInteger
    main.o(i.main) refers to main.o(i.LCDPrintFloat) for LCDPrintFloat
    main.o(i.main) refers to main.o(i.GPIOSetInput) for GPIOSetInput
    main.o(i.main) refers to main.o(i.digitalRead) for digitalRead
    main.o(i.main) refers to main.o(i.LCDClear) for LCDClear
    main.o(i.setCursor) refers to main.o(i.SendCommandToLCD) for SendCommandToLCD
    main.o(i.setCursor) refers to main.o(.data) for LCDPosition
    startup_stm32l151xe.o(STACK) refers (Special) to heapauxi.o(.text) for __use_two_region_memory
[...]
    f2d.o(x$fpl$f2d) refers (Special) to usenofp.o(x$fpl$usenofp) for __I$use$fp
    f2d.o(x$fpl$f2d) refers to fnaninf.o(x$fpl$fnaninf) for __fpl_fnaninf
    f2d.o(x$fpl$f2d) refers to dretinf.o(x$fpl$dretinf) for __fpl_dretinf
    printf1.o(x$fpl$printf1) refers to _printf_fp_dec.o(.text) for _printf_fp_dec_real
    __rtentry.o(.ARM.Collect$$rtentry$$00000000) refers (Special) to __rtentry2.o(.ARM.Collect$$rtentry$$0000000A) for __rt_entry_li
    __rtentry.o(.ARM.Collect$$rtentry$$00000000) refers (Special) to __rtentry2.o(.ARM.Collect$$rtentry$$0000000D) for __rt_entry_main
    __rtentry.o(.ARM.Collect$$rtentry$$00000000) refers (Special) to __rtentry2.o(.ARM.Collect$$rtentry$$0000000C) for __rt_entry_postli_1
    __rtentry.o(.ARM.Collect$$rtentry$$00000000) refers (Special) to __rtentry2.o(.ARM.Collect$$rtentry$$00000009) for __rt_entry_postsh_1
    __rtentry.o(.ARM.Collect$$rtentry$$00000000) refers (Special) to __rtentry2.o(.ARM.Collect$$rtentry$$00000002) for __rt_entry_presh_1
    __rtentry.o(.ARM.Collect$$rtentry$$00000000) refers (Special) to __rtentry4.o(.ARM.Collect$$rtentry$$00000004) for __rt_entry_sh
    rt_heap_descriptor.o(.text) refers to rt_heap_descriptor.o(.bss) for __rt_heap_descriptor_data
    rt_heap_descriptor_intlibspace.o(.text) refers to libspace.o(.bss) for __libspace_start
    init_alloc.o(.text) refers (Special) to hguard.o(.text) for __heap$guard
    init_alloc.o(.text) refers (Special) to libinit2.o(.ARM.Collect$$libinit$$00000005) for __rt_lib_init_heap_2
    init_alloc.o(.text) refers (Special) to maybetermalloc1.o(.emb_text) for _maybe_terminate_alloc
    init_alloc.o(.text) refers to h1_extend.o(.text) for __Heap_ProvideMemory
    init_alloc.o(.text) refers to defsig_rtmem_outer.o(.text) for __rt_SIGRTMEM
    init_alloc.o(.text) refers to rt_heap_descriptor_intlibspace.o(.text) for __rt_heap_descriptor
    init_alloc.o(.text) refers to h1_init.o(.text) for __Heap_Initialize
    h1_init_mt.o(.text) refers to mutex_dummy.o(.text) for _mutex_initialize
    _printf_fp_dec.o(.text) refers (Special) to usenofp.o(x$fpl$usenofp) for __I$use$fp
    _printf_fp_dec.o(.text) refers (Special) to lc_numeric_c.o(locale$$code) for _get_lc_numeric
    _printf_fp_dec.o(.text) refers to bigflt0.o(.text) for _btod_etento
    _printf_fp_dec.o(.text) refers to btod.o(CL$$btod_d2e) for _btod_d2e
    _printf_fp_dec.o(.text) refers to btod.o(CL$$btod_ediv) for _btod_ediv
    _printf_fp_dec.o(.text) refers to btod.o(CL$$btod_emul) for _btod_emul
    _printf_fp_dec.o(.text) refers to lludiv10.o(.text) for _ll_udiv10
    _printf_fp_dec.o(.text) refers to fpclassify.o(i.__ARM_fpclassify) for __ARM_fpclassify
    _printf_fp_dec.o(.text) refers to _printf_fp_infnan.o(.text) for _printf_fp_infnan
    _printf_fp_dec.o(.text) refers to rt_locale_intlibspace.o(.text) for __rt_locale
    _printf_char_common.o(.text) refers to __printf_wp.o(.text) for __printf
    _get_argv.o(.text) refers (Special) to hrguard.o(.text) for __heap_region$guard
    _get_argv.o(.text) refers to h1_alloc.o(.text) for malloc
    _get_argv.o(.text) refers to defsig_rtmem_outer.o(.text) for __rt_SIGRTMEM
    _get_argv.o(.text) refers to sys_command.o(.text) for _sys_command_string
    libinit2.o(.ARM.Collect$$libinit$$00000005) refers (Weak) to init_alloc.o(.text) for _init_alloc
    libinit2.o(.ARM.Collect$$libinit$$0000000F) refers (Weak) to rt_locale_intlibspace.o(.text) for __rt_locale
    libinit2.o(.ARM.Collect$$libinit$$00000010) refers to libinit2.o(.ARM.Collect$$libinit$$0000000F) for .ARM.Collect$$libinit$$0000000F
    libinit2.o(.ARM.Collect$$libinit$$00000012) refers to libinit2.o(.ARM.Collect$$libinit$$0000000F) for .ARM.Collect$$libinit$$0000000F
    libinit2.o(.ARM.Collect$$libinit$$00000014) refers to libinit2.o(.ARM.Collect$$libinit$$0000000F) for .ARM.Collect$$libinit$$0000000F
    libinit2.o(.ARM.Collect$$libinit$$00000016) refers to libinit2.o(.ARM.Collect$$libinit$$0000000F) for .ARM.Collect$$libinit$$0000000F
    libinit2.o(.ARM.Collect$$libinit$$00000016) refers (Weak) to lc_numeric_c.o(locale$$code) for _get_lc_numeric
    libinit2.o(.ARM.Collect$$libinit$$00000018) refers to libinit2.o(.ARM.Collect$$libinit$$0000000F) for .ARM.Collect$$libinit$$0000000F
    libinit2.o(.ARM.Collect$$libinit$$00000026) refers to argv_veneer.o(.emb_text) for __ARM_argv_veneer
    libinit2.o(.ARM.Collect$$libinit$$00000027) refers to argv_veneer.o(.emb_text) for __ARM_argv_veneer
    dretinf.o(x$fpl$dretinf) refers (Special) to usenofp.o(x$fpl$usenofp) for __I$use$fp
    fnaninf.o(x$fpl$fnaninf) refers (Special) to usenofp.o(x$fpl$usenofp) for __I$use$fp
    sys_command.o(.text) refers (Special) to use_no_semi.o(.text) for __I$use$semihosting
    sys_command.o(.text) refers (Special) to indicate_semi.o(.text) for __semihosting_library_function
    libspace.o(.text) refers to libspace.o(.bss) for __libspace_start
    __rtentry2.o(.ARM.Collect$$rtentry$$00000008) refers to boardinit2.o(.text) for _platform_post_stackheap_init
    __rtentry2.o(.ARM.Collect$$rtentry$$0000000A) refers to libinit.o(.ARM.Collect$$libinit$$00000000) for __rt_lib_init
    __rtentry2.o(.ARM.Collect$$rtentry$$0000000B) refers to boardinit3.o(.text) for _platform_post_lib_init
    __rtentry2.o(.ARM.Collect$$rtentry$$0000000D) refers to main.o(i.main) for main
    __rtentry2.o(.ARM.Collect$$rtentry$$0000000D) refers to exit.o(.text) for exit
    __rtentry2.o(.ARM.exidx) refers to __rtentry2.o(.ARM.Collect$$rtentry$$00000001) for .ARM.Collect$$rtentry$$00000001
    __rtentry2.o(.ARM.exidx) refers to __rtentry2.o(.ARM.Collect$$rtentry$$00000008) for .ARM.Collect$$rtentry$$00000008
    __rtentry2.o(.ARM.exidx) refers to __rtentry2.o(.ARM.Collect$$rtentry$$0000000A) for .ARM.Collect$$rtentry$$0000000A
    __rtentry2.o(.ARM.exidx) refers to __rtentry2.o(.ARM.Collect$$rtentry$$0000000B) for .ARM.Collect$$rtentry$$0000000B
    __rtentry2.o(.ARM.exidx) refers to __rtentry2.o(.ARM.Collect$$rtentry$$0000000D) for .ARM.Collect$$rtentry$$0000000D
    __rtentry4.o(.ARM.Collect$$rtentry$$00000004) refers to sys_stackheap_outer.o(.text) for __user_setup_stackheap
    __rtentry4.o(.ARM.exidx) refers to __rtentry4.o(.ARM.Collect$$rtentry$$00000004) for .ARM.Collect$$rtentry$$00000004
    rt_locale.o(.text) refers to rt_locale.o(.bss) for __rt_locale_data
    rt_locale_intlibspace.o(.text) refers to libspace.o(.bss) for __libspace_start
    maybetermalloc2.o(.emb_text) refers (Special) to term_alloc.o(.text) for _terminate_alloc
    h1_extend.o(.text) refers to h1_free.o(.text) for free
    h1_extend_mt.o(.text) refers to h1_free_mt.o(.text) for _free_internal
    bigflt0.o(.text) refers (Special) to usenofp.o(x$fpl$usenofp) for __I$use$fp
    bigflt0.o(.text) refers to btod.o(CL$$btod_emul) for _btod_emul
    bigflt0.o(.text) refers to btod.o(CL$$btod_ediv) for _btod_ediv
    bigflt0.o(.text) refers to bigflt0.o(.constdata) for .constdata
    bigflt0.o(.constdata) refers (Special) to usenofp.o(x$fpl$usenofp) for __I$use$fp
    btod.o(CL$$btod_d2e) refers (Special) to usenofp.o(x$fpl$usenofp) for __I$use$fp
    btod.o(CL$$btod_d2e) refers to btod.o(CL$$btod_d2e_norm_op1) for _d2e_norm_op1
    btod.o(CL$$btod_d2e_norm_op1) refers (Special) to usenofp.o(x$fpl$usenofp) for __I$use$fp
    btod.o(CL$$btod_d2e_norm_op1) refers to btod.o(CL$$btod_d2e_denorm_low) for _d2e_denorm_low
    btod.o(CL$$btod_d2e_denorm_low) refers (Special) to usenofp.o(x$fpl$usenofp) for __I$use$fp
    btod.o(CL$$btod_emul) refers (Special) to usenofp.o(x$fpl$usenofp) for __I$use$fp
    btod.o(CL$$btod_emul) refers to btod.o(CL$$btod_mult_common) for __btod_mult_common
    btod.o(CL$$btod_emul) refers to btod.o(CL$$btod_e2e) for _e2e
    btod.o(CL$$btod_ediv) refers (Special) to usenofp.o(x$fpl$usenofp) for __I$use$fp
    btod.o(CL$$btod_ediv) refers to btod.o(CL$$btod_div_common) for __btod_div_common
    btod.o(CL$$btod_ediv) refers to btod.o(CL$$btod_e2e) for _e2e
    btod.o(CL$$btod_emuld) refers (Special) to usenofp.o(x$fpl$usenofp) for __I$use$fp
    btod.o(CL$$btod_emuld) refers to btod.o(CL$$btod_mult_common) for __btod_mult_common
    btod.o(CL$$btod_emuld) refers to btod.o(CL$$btod_e2d) for _e2d
    btod.o(CL$$btod_edivd) refers (Special) to usenofp.o(x$fpl$usenofp) for __I$use$fp
    btod.o(CL$$btod_edivd) refers to btod.o(CL$$btod_div_common) for __btod_div_common
    btod.o(CL$$btod_edivd) refers to btod.o(CL$$btod_e2d) for _e2d
    btod.o(CL$$btod_e2e) refers (Special) to usenofp.o(x$fpl$usenofp) for __I$use$fp
    btod.o(CL$$btod_e2d) refers (Special) to usenofp.o(x$fpl$usenofp) for __I$use$fp
    btod.o(CL$$btod_e2d) refers to btod.o(CL$$btod_e2e) for _e2e
    btod.o(CL$$btod_mult_common) refers (Special) to usenofp.o(x$fpl$usenofp) for __I$use$fp
    btod.o(CL$$btod_div_common) refers (Special) to usenofp.o(x$fpl$usenofp) for __I$use$fp
    lc_numeric_c.o(locale$$data) refers (Special) to libinit2.o(.ARM.Collect$$libinit$$00000016) for __rt_lib_init_lc_numeric_2
    lc_numeric_c.o(locale$$code) refers (Special) to libinit2.o(.ARM.Collect$$libinit$$00000016) for __rt_lib_init_lc_numeric_2
    lc_numeric_c.o(locale$$code) refers to strcmpv7m.o(.text) for strcmp
    lc_numeric_c.o(locale$$code) refers to lc_numeric_c.o(locale$$data) for __lcnum_c_name
    defsig_rtmem_outer.o(.text) refers to defsig_rtmem_inner.o(.text) for __rt_SIGRTMEM_inner
    defsig_rtmem_outer.o(.text) refers to defsig_exit.o(.text) for __sig_exit
    defsig_rtmem_formal.o(.text) refers to rt_raise.o(.text) for __rt_raise
    heapauxa.o(.text) refers to heapauxa.o(.data) for .data
    argv_veneer.o(.emb_text) refers to no_argv.o(.text) for __ARM_get_argv
    istatus.o(x$fpl$ieeestatus) refers (Special) to usenofp.o(x$fpl$usenofp) for __I$use$fp
    fpclassify.o(i.__ARM_fpclassify) refers (Special) to usenofp.o(x$fpl$usenofp) for __I$use$fp
    sys_stackheap_outer.o(.text) refers to libspace.o(.text) for __user_perproc_libspace
    sys_stackheap_outer.o(.text) refers to startup_stm32l151xe.o(.text) for __user_initial_stackheap
    rt_raise.o(.text) refers to __raise.o(.text) for __raise
    rt_raise.o(.text) refers to sys_exit.o(.text) for _sys_exit
    term_alloc.o(.text) refers (Special) to libshutdown2.o(.ARM.Collect$$libshutdown$$0000000E) for __rt_lib_shutdown_heap_2
    term_alloc.o(.text) refers to rt_heap_descriptor_intlibspace.o(.text) for __rt_heap_descriptor
    term_alloc.o(.text) refers to h1_final.o(.text) for __Heap_Finalize
    exit.o(.text) refers to rtexit.o(.ARM.Collect$$rtexit$$00000000) for __rt_exit
    defsig_exit.o(.text) refers to sys_exit.o(.text) for _sys_exit
    defsig_rtmem_inner.o(.text) refers to defsig_general.o(.text) for __default_signal_display
    _get_argv_nomalloc.o(.text) refers (Special) to hrguard.o(.text) for __heap_region$guard
    _get_argv_nomalloc.o(.text) refers to defsig_rtmem_outer.o(.text) for __rt_SIGRTMEM
    _get_argv_nomalloc.o(.text) refers to sys_command.o(.text) for _sys_command_string
    libinit.o(.ARM.Collect$$libinit$$00000000) refers (Special) to libinit2.o(.ARM.Collect$$libinit$$0000002E) for __rt_lib_init_alloca_1
    libinit.o(.ARM.Collect$$libinit$$00000000) refers (Special) to libinit2.o(.ARM.Collect$$libinit$$0000002C) for __rt_lib_init_argv_1
    libinit.o(.ARM.Collect$$libinit$$00000000) refers (Special) to libinit2.o(.ARM.Collect$$libinit$$0000001B) for __rt_lib_init_atexit_1
    libinit.o(.ARM.Collect$$libinit$$00000000) refers (Special) to libinit2.o(.ARM.Collect$$libinit$$00000021) for __rt_lib_init_clock_1
    libinit.o(.ARM.Collect$$libinit$$00000000) refers (Special) to libinit2.o(.ARM.Collect$$libinit$$00000032) for __rt_lib_init_cpp_1
    libinit.o(.ARM.Collect$$libinit$$00000000) refers (Special) to libinit2.o(.ARM.Collect$$libinit$$00000030) for __rt_lib_init_exceptions_1
    libinit.o(.ARM.Collect$$libinit$$00000000) refers (Special) to libinit2.o(.ARM.Collect$$libinit$$00000002) for __rt_lib_init_fp_1
    libinit.o(.ARM.Collect$$libinit$$00000000) refers (Special) to libinit2.o(.ARM.Collect$$libinit$$0000001F) for __rt_lib_init_fp_trap_1
    libinit.o(.ARM.Collect$$libinit$$00000000) refers (Special) to libinit2.o(.ARM.Collect$$libinit$$00000023) for __rt_lib_init_getenv_1
    libinit.o(.ARM.Collect$$libinit$$00000000) refers (Special) to libinit2.o(.ARM.Collect$$libinit$$0000000A) for __rt_lib_init_heap_1
    libinit.o(.ARM.Collect$$libinit$$00000000) refers (Special) to libinit2.o(.ARM.Collect$$libinit$$00000011) for __rt_lib_init_lc_collate_1
    libinit.o(.ARM.Collect$$libinit$$00000000) refers (Special) to libinit2.o(.ARM.Collect$$libinit$$00000013) for __rt_lib_init_lc_ctype_1
    libinit.o(.ARM.Collect$$libinit$$00000000) refers (Special) to libinit2.o(.ARM.Collect$$libinit$$00000015) for __rt_lib_init_lc_monetary_1
    libinit.o(.ARM.Collect$$libinit$$00000000) refers (Special) to libinit2.o(.ARM.Collect$$libinit$$00000017) for __rt_lib_init_lc_numeric_1
    libinit.o(.ARM.Collect$$libinit$$00000000) refers (Special) to libinit2.o(.ARM.Collect$$libinit$$00000019) for __rt_lib_init_lc_time_1
    libinit.o(.ARM.Collect$$libinit$$00000000) refers (Special) to libinit2.o(.ARM.Collect$$libinit$$00000004) for __rt_lib_init_preinit_1
    libinit.o(.ARM.Collect$$libinit$$00000000) refers (Special) to libinit2.o(.ARM.Collect$$libinit$$0000000E) for __rt_lib_init_rand_1
    libinit.o(.ARM.Collect$$libinit$$00000000) refers (Special) to libinit2.o(.ARM.Collect$$libinit$$00000033) for __rt_lib_init_return
    libinit.o(.ARM.Collect$$libinit$$00000000) refers (Special) to libinit2.o(.ARM.Collect$$libinit$$0000001D) for __rt_lib_init_signal_1
    libinit.o(.ARM.Collect$$libinit$$00000000) refers (Special) to libinit2.o(.ARM.Collect$$libinit$$00000025) for __rt_lib_init_stdio_1
    libinit.o(.ARM.Collect$$libinit$$00000000) refers (Special) to libinit2.o(.ARM.Collect$$libinit$$0000000C) for __rt_lib_init_user_alloc_1
    sys_exit.o(.text) refers (Special) to use_no_semi.o(.text) for __I$use$semihosting
    sys_exit.o(.text) refers (Special) to indicate_semi.o(.text) for __semihosting_library_function
    rtexit.o(.ARM.Collect$$rtexit$$00000000) refers (Special) to rtexit2.o(.ARM.Collect$$rtexit$$00000004) for __rt_exit_exit
    rtexit.o(.ARM.Collect$$rtexit$$00000000) refers (Special) to rtexit2.o(.ARM.Collect$$rtexit$$00000003) for __rt_exit_ls
    rtexit.o(.ARM.Collect$$rtexit$$00000000) refers (Special) to rtexit2.o(.ARM.Collect$$rtexit$$00000002) for __rt_exit_prels_1
    rtexit.o(.ARM.exidx) refers (Special) to rtexit2.o(.ARM.Collect$$rtexit$$00000004) for __rt_exit_exit
    rtexit.o(.ARM.exidx) refers (Special) to rtexit2.o(.ARM.Collect$$rtexit$$00000003) for __rt_exit_ls
    rtexit.o(.ARM.exidx) refers (Special) to rtexit2.o(.ARM.Collect$$rtexit$$00000002) for __rt_exit_prels_1
    rtexit.o(.ARM.exidx) refers to rtexit.o(.ARM.Collect$$rtexit$$00000000) for .ARM.Collect$$rtexit$$00000000
    __raise.o(.text) refers to defsig.o(CL$$defsig) for __default_signal_handler
    defsig_general.o(.text) refers to sys_wrch.o(.text) for _ttywrch
    libshutdown2.o(.ARM.Collect$$libshutdown$$0000000D) refers (Weak) to term_alloc.o(.text) for _terminate_alloc
    sys_wrch.o(.text) refers (Special) to use_no_semi.o(.text) for __I$use$semihosting
    sys_wrch.o(.text) refers (Special) to indicate_semi.o(.text) for __semihosting_library_function
    rtexit2.o(.ARM.Collect$$rtexit$$00000003) refers to libshutdown.o(.ARM.Collect$$libshutdown$$00000000) for __rt_lib_shutdown
    rtexit2.o(.ARM.Collect$$rtexit$$00000004) refers to sys_exit.o(.text) for _sys_exit
    rtexit2.o(.ARM.exidx) refers to rtexit2.o(.ARM.Collect$$rtexit$$00000001) for .ARM.Collect$$rtexit$$00000001
    rtexit2.o(.ARM.exidx) refers to rtexit2.o(.ARM.Collect$$rtexit$$00000003) for .ARM.Collect$$rtexit$$00000003
    rtexit2.o(.ARM.exidx) refers to rtexit2.o(.ARM.Collect$$rtexit$$00000004) for .ARM.Collect$$rtexit$$00000004
    defsig.o(CL$$defsig) refers to defsig_rtmem_inner.o(.text) for __rt_SIGRTMEM_inner
    defsig_abrt_inner.o(.text) refers to defsig_general.o(.text) for __default_signal_display
    defsig_fpe_inner.o(.text) refers to defsig_general.o(.text) for __default_signal_display
    defsig_rtred_inner.o(.text) refers to defsig_general.o(.text) for __default_signal_display
    defsig_stak_inner.o(.text) refers to defsig_general.o(.text) for __default_signal_display
    defsig_pvfn_inner.o(.text) refers to defsig_general.o(.text) for __default_signal_display
    defsig_cppl_inner.o(.text) refers to defsig_general.o(.text) for __default_signal_display
    defsig_segv_inner.o(.text) refers to defsig_general.o(.text) for __default_signal_display
    defsig_other.o(.text) refers to defsig_general.o(.text) for __default_signal_display
    libshutdown.o(.ARM.Collect$$libshutdown$$00000000) refers (Special) to libshutdown2.o(.ARM.Collect$$libshutdown$$00000002) for __rt_lib_shutdown_cpp_1
    libshutdown.o(.ARM.Collect$$libshutdown$$00000000) refers (Special) to libshutdown2.o(.ARM.Collect$$libshutdown$$00000007) for __rt_lib_shutdown_fp_trap_1
    libshutdown.o(.ARM.Collect$$libshutdown$$00000000) refers (Special) to libshutdown2.o(.ARM.Collect$$libshutdown$$0000000F) for __rt_lib_shutdown_heap_1
    libshutdown.o(.ARM.Collect$$libshutdown$$00000000) refers (Special) to libshutdown2.o(.ARM.Collect$$libshutdown$$00000010) for __rt_lib_shutdown_return
    libshutdown.o(.ARM.Collect$$libshutdown$$00000000) refers (Special) to libshutdown2.o(.ARM.Collect$$libshutdown$$0000000A) for __rt_lib_shutdown_signal_1
    libshutdown.o(.ARM.Collect$$libshutdown$$00000000) refers (Special) to libshutdown2.o(.ARM.Collect$$libshutdown$$00000004) for __rt_lib_shutdown_stdio_1
    libshutdown.o(.ARM.Collect$$libshutdown$$00000000) refers (Special) to libshutdown2.o(.ARM.Collect$$libshutdown$$0000000C) for __rt_lib_shutdown_user_alloc_1


==============================================================================

Removing Unused input sections from the image.

    Removing main.o(.rev16_text), (4 bytes).
    Removing main.o(.revsh_text), (4 bytes).
    Removing main.o(.rrx_text), (6 bytes).
    Removing main.o(i.CursorHome), (10 bytes).
    Removing main.o(i.LCDReset), (36 bytes).
    Removing main.o(i.LCDSetToRead), (20 bytes).
    Removing system_stm32l1xx.o(.rev16_text), (4 bytes).
    Removing system_stm32l1xx.o(.revsh_text), (4 bytes).
    Removing system_stm32l1xx.o(.rrx_text), (6 bytes).
    Removing system_stm32l1xx.o(i.SystemCoreClockUpdate), (216 bytes).
    Removing system_stm32l1xx.o(.data), (29 bytes).

11 unused section(s) (total 339 bytes) removed from the image.

==============================================================================

Image Symbol Table

    Local Symbols

    Symbol Name                              Value     Ov Type        Size  Object(Section)

    ../clib/angel/boardlib.s                 0x00000000   Number         0  boardinit2.o ABSOLUTE
    ../clib/angel/boardlib.s                 0x00000000   Number         0  boardinit3.o ABSOLUTE
    ../clib/angel/boardlib.s                 0x00000000   Number         0  boardshut.o ABSOLUTE
    ../clib/angel/boardlib.s                 0x00000000   Number         0  boardinit1.o ABSOLUTE
    ../clib/angel/handlers.s                 0x00000000   Number         0  __scatter_copy.o ABSOLUTE
    ../clib/angel/handlers.s                 0x00000000   Number         0  __scatter_zi.o ABSOLUTE
    ../clib/angel/kernel.s                   0x00000000   Number         0  __rtentry4.o ABSOLUTE
    ../clib/angel/kernel.s                   0x00000000   Number         0  __rtentry2.o ABSOLUTE
    ../clib/angel/kernel.s                   0x00000000   Number         0  __rtentry.o ABSOLUTE
    ../clib/angel/kernel.s                   0x00000000   Number         0  rtexit.o ABSOLUTE
    ../clib/angel/kernel.s                   0x00000000   Number         0  rtexit2.o ABSOLUTE
    ../clib/angel/rt.s                       0x00000000   Number         0  rt_locale_intlibspace.o ABSOLUTE
    ../clib/angel/rt.s                       0x00000000   Number         0  rt_locale.o ABSOLUTE
    ../clib/angel/rt.s                       0x00000000   Number         0  rt_raise.o ABSOLUTE
    ../clib/angel/rt.s                       0x00000000   Number         0  rt_heap_descriptor_intlibspace.o ABSOLUTE
    ../clib/angel/rt.s                       0x00000000   Number         0  rt_heap_descriptor.o ABSOLUTE
    ../clib/angel/scatter.s                  0x00000000   Number         0  __scatter.o ABSOLUTE
    ../clib/angel/startup.s                  0x00000000   Number         0  __main.o ABSOLUTE
    ../clib/angel/sys.s                      0x00000000   Number         0  use_no_semi.o ABSOLUTE
    ../clib/angel/sys.s                      0x00000000   Number         0  indicate_semi.o ABSOLUTE
    ../clib/angel/sys.s                      0x00000000   Number         0  libspace.o ABSOLUTE
    ../clib/angel/sys.s                      0x00000000   Number         0  sys_stackheap_outer.o ABSOLUTE
    ../clib/angel/sys.s                      0x00000000   Number         0  mutex_dummy.o ABSOLUTE
    ../clib/angel/sysapp.c                   0x00000000   Number         0  sys_command.o ABSOLUTE
    ../clib/angel/sysapp.c                   0x00000000   Number         0  sys_exit.o ABSOLUTE
    ../clib/angel/sysapp.c                   0x00000000   Number         0  sys_wrch.o ABSOLUTE
    ../clib/armsys.c                         0x00000000   Number         0  argv_veneer.o ABSOLUTE
    ../clib/armsys.c                         0x00000000   Number         0  _get_argv.o ABSOLUTE
    ../clib/armsys.c                         0x00000000   Number         0  argv_veneer.o ABSOLUTE
    ../clib/armsys.c                         0x00000000   Number         0  _get_argv_nomalloc.o ABSOLUTE
    ../clib/armsys.c                         0x00000000   Number         0  no_argv.o ABSOLUTE
    ../clib/bigflt.c                         0x00000000   Number         0  bigflt0.o ABSOLUTE
    ../clib/btod.s                           0x00000000   Number         0  btod.o ABSOLUTE
    ../clib/heap1.c                          0x00000000   Number         0  h1_init.o ABSOLUTE
    ../clib/heap1.c                          0x00000000   Number         0  h1_extend.o ABSOLUTE
    ../clib/heap1.c                          0x00000000   Number         0  h1_init_mt.o ABSOLUTE
    ../clib/heap1.c                          0x00000000   Number         0  h1_alloc.o ABSOLUTE
    ../clib/heap1.c                          0x00000000   Number         0  h1_free.o ABSOLUTE
    ../clib/heap1.c                          0x00000000   Number         0  h1_alloc_mt.o ABSOLUTE
    ../clib/heap1.c                          0x00000000   Number         0  h1_final_mt.o ABSOLUTE
    ../clib/heap1.c                          0x00000000   Number         0  h1_final.o ABSOLUTE
    ../clib/heap1.c                          0x00000000   Number         0  h1_free_mt.o ABSOLUTE
    ../clib/heap1.c                          0x00000000   Number         0  h1_extend_mt.o ABSOLUTE
    ../clib/heap2.c                          0x00000000   Number         0  fdtree.o ABSOLUTE
    ../clib/heap2.c                          0x00000000   Number         0  heap2.o ABSOLUTE
    ../clib/heap2.c                          0x00000000   Number         0  heap2mt.o ABSOLUTE
    ../clib/heapalloc.c                      0x00000000   Number         0  hrguard.o ABSOLUTE
    ../clib/heapalloc.c                      0x00000000   Number         0  maybetermalloc2.o ABSOLUTE
    ../clib/heapalloc.c                      0x00000000   Number         0  maybetermalloc2.o ABSOLUTE
    ../clib/heapalloc.c                      0x00000000   Number         0  maybetermalloc1.o ABSOLUTE
    ../clib/heapalloc.c                      0x00000000   Number         0  maybetermalloc1.o ABSOLUTE
    ../clib/heapalloc.c                      0x00000000   Number         0  heapstubs.o ABSOLUTE
    ../clib/heapalloc.c                      0x00000000   Number         0  free.o ABSOLUTE
    ../clib/heapalloc.c                      0x00000000   Number         0  malloc.o ABSOLUTE
    ../clib/heapalloc.c                      0x00000000   Number         0  init_alloc.o ABSOLUTE
    ../clib/heapalloc.c                      0x00000000   Number         0  term_alloc.o ABSOLUTE
    ../clib/heapalloc.c                      0x00000000   Number         0  hguard.o ABSOLUTE
    ../clib/heapaux.c                        0x00000000   Number         0  heapauxi.o ABSOLUTE
    ../clib/heapaux.c                        0x00000000   Number         0  heapauxa.o ABSOLUTE
    ../clib/libinit.s                        0x00000000   Number         0  libshutdown.o ABSOLUTE
    ../clib/libinit.s                        0x00000000   Number         0  libinit.o ABSOLUTE
    ../clib/libinit.s                        0x00000000   Number         0  libshutdown2.o ABSOLUTE
    ../clib/libinit.s                        0x00000000   Number         0  libinit2.o ABSOLUTE
    ../clib/locale.s                         0x00000000   Number         0  lc_numeric_c.o ABSOLUTE
    ../clib/longlong.s                       0x00000000   Number         0  lludiv10.o ABSOLUTE
    ../clib/memcpset.s                       0x00000000   Number         0  rt_memcpy_w.o ABSOLUTE
    ../clib/memcpset.s                       0x00000000   Number         0  strcmpv7m.o ABSOLUTE
    ../clib/misc.s                           0x00000000   Number         0  printf_stubs.o ABSOLUTE
    ../clib/printf.c                         0x00000000   Number         0  _printf_fp_infnan.o ABSOLUTE
    ../clib/printf.c                         0x00000000   Number         0  __printf_flags.o ABSOLUTE
    ../clib/printf.c                         0x00000000   Number         0  _printf_dec.o ABSOLUTE
    ../clib/printf.c                         0x00000000   Number         0  __printf.o ABSOLUTE
    ../clib/printf.c                         0x00000000   Number         0  _printf_char_common.o ABSOLUTE
    ../clib/printf.c                         0x00000000   Number         0  _printf_fp_dec.o ABSOLUTE
    ../clib/printf.c                         0x00000000   Number         0  _printf_intcommon.o ABSOLUTE
    ../clib/printf.c                         0x00000000   Number         0  __printf_ss_wp.o ABSOLUTE
    ../clib/printf.c                         0x00000000   Number         0  __printf_flags_wp.o ABSOLUTE
    ../clib/printf.c                         0x00000000   Number         0  noretval__2sprintf.o ABSOLUTE
    ../clib/printf.c                         0x00000000   Number         0  __2sprintf.o ABSOLUTE
    ../clib/printf.c                         0x00000000   Number         0  __printf_wp.o ABSOLUTE
    ../clib/printf.c                         0x00000000   Number         0  __printf_flags_ss_wp.o ABSOLUTE
    ../clib/printf.c                         0x00000000   Number         0  __printf_flags_ss.o ABSOLUTE
    ../clib/printf.c                         0x00000000   Number         0  _sputc.o ABSOLUTE
    ../clib/printf.c                         0x00000000   Number         0  __printf_nopercent.o ABSOLUTE
    ../clib/printf.c                         0x00000000   Number         0  __printf_ss.o ABSOLUTE
    ../clib/printf_percent.s                 0x00000000   Number         0  _printf_percent_end.o ABSOLUTE
    ../clib/printf_percent.s                 0x00000000   Number         0  _printf_d.o ABSOLUTE
    ../clib/printf_percent.s                 0x00000000   Number         0  _printf_percent.o ABSOLUTE
    ../clib/printf_percent.s                 0x00000000   Number         0  _printf_f.o ABSOLUTE
    ../clib/signal.c                         0x00000000   Number         0  defsig_general.o ABSOLUTE
    ../clib/signal.c                         0x00000000   Number         0  defsig_fpe_inner.o ABSOLUTE
    ../clib/signal.c                         0x00000000   Number         0  defsig_rtred_inner.o ABSOLUTE
    ../clib/signal.c                         0x00000000   Number         0  defsig_stak_inner.o ABSOLUTE
    ../clib/signal.c                         0x00000000   Number         0  defsig_pvfn_inner.o ABSOLUTE
    ../clib/signal.c                         0x00000000   Number         0  defsig_cppl_inner.o ABSOLUTE
    ../clib/signal.c                         0x00000000   Number         0  defsig_exit.o ABSOLUTE
    ../clib/signal.c                         0x00000000   Number         0  defsig_other.o ABSOLUTE
    ../clib/signal.c                         0x00000000   Number         0  defsig_abrt_inner.o ABSOLUTE
    ../clib/signal.c                         0x00000000   Number         0  defsig_rtmem_inner.o ABSOLUTE
    ../clib/signal.c                         0x00000000   Number         0  defsig_rtmem_formal.o ABSOLUTE
    ../clib/signal.c                         0x00000000   Number         0  defsig_rtmem_outer.o ABSOLUTE
    ../clib/signal.c                         0x00000000   Number         0  __raise.o ABSOLUTE
    ../clib/signal.c                         0x00000000   Number         0  defsig_segv_inner.o ABSOLUTE
    ../clib/signal.s                         0x00000000   Number         0  defsig.o ABSOLUTE
    ../clib/stdlib.c                         0x00000000   Number         0  exit.o ABSOLUTE
    ../fplib/dretinf.s                       0x00000000   Number         0  dretinf.o ABSOLUTE
    ../fplib/f2d.s                           0x00000000   Number         0  f2d.o ABSOLUTE
    ../fplib/fnaninf.s                       0x00000000   Number         0  fnaninf.o ABSOLUTE
    ../fplib/fpinit.s                        0x00000000   Number         0  fpinit.o ABSOLUTE
    ../fplib/istatus.s                       0x00000000   Number         0  istatus.o ABSOLUTE
    ../fplib/printf1.s                       0x00000000   Number         0  printf1.o ABSOLUTE
    ../fplib/usenofp.s                       0x00000000   Number         0  usenofp.o ABSOLUTE
    ../mathlib/fpclassify.c                  0x00000000   Number         0  fpclassify.o ABSOLUTE
    RTE\Device\STM32L151RE\startup_stm32l151xe.s 0x00000000   Number         0  startup_stm32l151xe.o ABSOLUTE
    RTE\Device\STM32L151RE\system_stm32l1xx.c 0x00000000   Number         0  system_stm32l1xx.o ABSOLUTE
    RTE\\Device\\STM32L151RE\\system_stm32l1xx.c 0x00000000   Number         0  system_stm32l1xx.o ABSOLUTE
    dc.s                                     0x00000000   Number         0  dc.o ABSOLUTE
    main.c                                   0x00000000   Number         0  main.o ABSOLUTE
    main.c                                   0x00000000   Number         0  main.o ABSOLUTE
    RESET                                    0x08000000   Section      292  startup_stm32l151xe.o(RESET)
    !!!main                                  0x08000124   Section        8  __main.o(!!!main)
    !!!scatter                               0x0800012c   Section       52  __scatter.o(!!!scatter)
    !!handler_copy                           0x08000160   Section       26  __scatter_copy.o(!!handler_copy)
    !!handler_zi                             0x0800017c   Section       28  __scatter_zi.o(!!handler_zi)
    .ARM.Collect$$_printf_percent$$00000000  0x08000198   Section        0  _printf_percent.o(.ARM.Collect$$_printf_percent$$00000000)
    .ARM.Collect$$_printf_percent$$00000003  0x08000198   Section        6  _printf_f.o(.ARM.Collect$$_printf_percent$$00000003)
    .ARM.Collect$$_printf_percent$$00000009  0x0800019e   Section        6  _printf_d.o(.ARM.Collect$$_printf_percent$$00000009)
    .ARM.Collect$$_printf_percent$$00000017  0x080001a4   Section        4  _printf_percent_end.o(.ARM.Collect$$_printf_percent$$00000017)
    .ARM.Collect$$libinit$$00000000          0x080001a8   Section        2  libinit.o(.ARM.Collect$$libinit$$00000000)
    .ARM.Collect$$libinit$$00000002          0x080001aa   Section        0  libinit2.o(.ARM.Collect$$libinit$$00000002)
    .ARM.Collect$$libinit$$00000004          0x080001aa   Section        0  libinit2.o(.ARM.Collect$$libinit$$00000004)
    .ARM.Collect$$libinit$$00000005          0x080001aa   Section        8  libinit2.o(.ARM.Collect$$libinit$$00000005)
    .ARM.Collect$$libinit$$0000000A          0x080001b2   Section        0  libinit2.o(.ARM.Collect$$libinit$$0000000A)
    .ARM.Collect$$libinit$$0000000C          0x080001b2   Section        0  libinit2.o(.ARM.Collect$$libinit$$0000000C)
    .ARM.Collect$$libinit$$0000000E          0x080001b2   Section        0  libinit2.o(.ARM.Collect$$libinit$$0000000E)
    .ARM.Collect$$libinit$$0000000F          0x080001b2   Section        6  libinit2.o(.ARM.Collect$$libinit$$0000000F)
    .ARM.Collect$$libinit$$00000011          0x080001b8   Section        0  libinit2.o(.ARM.Collect$$libinit$$00000011)
    .ARM.Collect$$libinit$$00000013          0x080001b8   Section        0  libinit2.o(.ARM.Collect$$libinit$$00000013)
    .ARM.Collect$$libinit$$00000015          0x080001b8   Section        0  libinit2.o(.ARM.Collect$$libinit$$00000015)
    .ARM.Collect$$libinit$$00000016          0x080001b8   Section       10  libinit2.o(.ARM.Collect$$libinit$$00000016)
    .ARM.Collect$$libinit$$00000017          0x080001c2   Section        0  libinit2.o(.ARM.Collect$$libinit$$00000017)
    .ARM.Collect$$libinit$$00000019          0x080001c2   Section        0  libinit2.o(.ARM.Collect$$libinit$$00000019)
    .ARM.Collect$$libinit$$0000001B          0x080001c2   Section        0  libinit2.o(.ARM.Collect$$libinit$$0000001B)
    .ARM.Collect$$libinit$$0000001D          0x080001c2   Section        0  libinit2.o(.ARM.Collect$$libinit$$0000001D)
    .ARM.Collect$$libinit$$0000001F          0x080001c2   Section        0  libinit2.o(.ARM.Collect$$libinit$$0000001F)
    .ARM.Collect$$libinit$$00000021          0x080001c2   Section        0  libinit2.o(.ARM.Collect$$libinit$$00000021)
    .ARM.Collect$$libinit$$00000023          0x080001c2   Section        0  libinit2.o(.ARM.Collect$$libinit$$00000023)
    .ARM.Collect$$libinit$$00000025          0x080001c2   Section        0  libinit2.o(.ARM.Collect$$libinit$$00000025)
    .ARM.Collect$$libinit$$0000002C          0x080001c2   Section        0  libinit2.o(.ARM.Collect$$libinit$$0000002C)
    .ARM.Collect$$libinit$$0000002E          0x080001c2   Section        0  libinit2.o(.ARM.Collect$$libinit$$0000002E)
    .ARM.Collect$$libinit$$00000030          0x080001c2   Section        0  libinit2.o(.ARM.Collect$$libinit$$00000030)
    .ARM.Collect$$libinit$$00000032          0x080001c2   Section        0  libinit2.o(.ARM.Collect$$libinit$$00000032)
    .ARM.Collect$$libinit$$00000033          0x080001c2   Section        2  libinit2.o(.ARM.Collect$$libinit$$00000033)
    .ARM.Collect$$libshutdown$$00000000      0x080001c4   Section        2  libshutdown.o(.ARM.Collect$$libshutdown$$00000000)
    .ARM.Collect$$libshutdown$$00000002      0x080001c6   Section        0  libshutdown2.o(.ARM.Collect$$libshutdown$$00000002)
    .ARM.Collect$$libshutdown$$00000004      0x080001c6   Section        0  libshutdown2.o(.ARM.Collect$$libshutdown$$00000004)
    .ARM.Collect$$libshutdown$$00000007      0x080001c6   Section        0  libshutdown2.o(.ARM.Collect$$libshutdown$$00000007)
    .ARM.Collect$$libshutdown$$0000000A      0x080001c6   Section        0  libshutdown2.o(.ARM.Collect$$libshutdown$$0000000A)
    .ARM.Collect$$libshutdown$$0000000C      0x080001c6   Section        0  libshutdown2.o(.ARM.Collect$$libshutdown$$0000000C)
    .ARM.Collect$$libshutdown$$0000000F      0x080001c6   Section        0  libshutdown2.o(.ARM.Collect$$libshutdown$$0000000F)
    .ARM.Collect$$libshutdown$$00000010      0x080001c6   Section        2  libshutdown2.o(.ARM.Collect$$libshutdown$$00000010)
    .ARM.Collect$$rtentry$$00000000          0x080001c8   Section        0  __rtentry.o(.ARM.Collect$$rtentry$$00000000)
    .ARM.Collect$$rtentry$$00000002          0x080001c8   Section        0  __rtentry2.o(.ARM.Collect$$rtentry$$00000002)
    .ARM.Collect$$rtentry$$00000004          0x080001c8   Section        6  __rtentry4.o(.ARM.Collect$$rtentry$$00000004)
    .ARM.Collect$$rtentry$$00000009          0x080001ce   Section        0  __rtentry2.o(.ARM.Collect$$rtentry$$00000009)
    .ARM.Collect$$rtentry$$0000000A          0x080001ce   Section        4  __rtentry2.o(.ARM.Collect$$rtentry$$0000000A)
    .ARM.Collect$$rtentry$$0000000C          0x080001d2   Section        0  __rtentry2.o(.ARM.Collect$$rtentry$$0000000C)
    .ARM.Collect$$rtentry$$0000000D          0x080001d2   Section        8  __rtentry2.o(.ARM.Collect$$rtentry$$0000000D)
    .ARM.Collect$$rtexit$$00000000           0x080001da   Section        2  rtexit.o(.ARM.Collect$$rtexit$$00000000)
    .ARM.Collect$$rtexit$$00000002           0x080001dc   Section        0  rtexit2.o(.ARM.Collect$$rtexit$$00000002)
    .ARM.Collect$$rtexit$$00000003           0x080001dc   Section        4  rtexit2.o(.ARM.Collect$$rtexit$$00000003)
    .ARM.Collect$$rtexit$$00000004           0x080001e0   Section        6  rtexit2.o(.ARM.Collect$$rtexit$$00000004)
    .emb_text                                0x080001e8   Section        0  maybetermalloc1.o(.emb_text)
    .text                                    0x080001e8   Section       64  startup_stm32l151xe.o(.text)
    .text                                    0x08000228   Section        0  h1_alloc.o(.text)
    .text                                    0x08000286   Section        0  h1_free.o(.text)
    .text                                    0x080002d4   Section        0  noretval__2sprintf.o(.text)
    .text                                    0x080002fc   Section        0  _printf_dec.o(.text)
    .text                                    0x08000374   Section        0  __printf_wp.o(.text)
    .text                                    0x08000482   Section        0  heapauxi.o(.text)
    .text                                    0x08000488   Section        8  rt_heap_descriptor_intlibspace.o(.text)
    .text                                    0x08000490   Section        0  hguard.o(.text)
    .text                                    0x08000494   Section        0  init_alloc.o(.text)
    .text                                    0x0800051e   Section        0  h1_init.o(.text)
    .text                                    0x0800052c   Section        0  _printf_intcommon.o(.text)
    .text                                    0x080005de   Section        0  _printf_fp_dec.o(.text)
    _fp_digits                               0x080005e1   Thumb Code   432  _printf_fp_dec.o(.text)
    .text                                    0x080009fc   Section        0  _printf_char_common.o(.text)
    _printf_input_char                       0x080009fd   Thumb Code    10  _printf_char_common.o(.text)
    .text                                    0x08000a2c   Section        0  _sputc.o(.text)
    .text                                    0x08000a38   Section        8  libspace.o(.text)
    .text                                    0x08000a40   Section        8  rt_locale_intlibspace.o(.text)
    .text                                    0x08000a48   Section        0  h1_extend.o(.text)
    .text                                    0x08000a7c   Section      138  lludiv10.o(.text)
    .text                                    0x08000b08   Section        0  _printf_fp_infnan.o(.text)
    .text                                    0x08000b88   Section        0  bigflt0.o(.text)
    .text                                    0x08000c6c   Section        0  defsig_rtmem_outer.o(.text)
    .text                                    0x08000c7a   Section        2  use_no_semi.o(.text)
    .text                                    0x08000c7c   Section        0  indicate_semi.o(.text)
    .text                                    0x08000c7c   Section       74  sys_stackheap_outer.o(.text)
    .text                                    0x08000cc6   Section        0  exit.o(.text)
    .text                                    0x08000cd8   Section        0  defsig_exit.o(.text)
    .text                                    0x08000ce4   Section        0  defsig_rtmem_inner.o(.text)
    .text                                    0x08000d34   Section      128  strcmpv7m.o(.text)
    .text                                    0x08000db4   Section        0  sys_exit.o(.text)
    .text                                    0x08000dc0   Section        0  defsig_general.o(.text)
    .text                                    0x08000df2   Section        0  sys_wrch.o(.text)
    CL$$btod_d2e                             0x08000e00   Section       62  btod.o(CL$$btod_d2e)
    CL$$btod_d2e_denorm_low                  0x08000e3e   Section       70  btod.o(CL$$btod_d2e_denorm_low)
    CL$$btod_d2e_norm_op1                    0x08000e84   Section       96  btod.o(CL$$btod_d2e_norm_op1)
    CL$$btod_div_common                      0x08000ee4   Section      824  btod.o(CL$$btod_div_common)
    CL$$btod_e2e                             0x0800121c   Section      220  btod.o(CL$$btod_e2e)
    CL$$btod_ediv                            0x080012f8   Section       42  btod.o(CL$$btod_ediv)
    CL$$btod_emul                            0x08001322   Section       42  btod.o(CL$$btod_emul)
    CL$$btod_mult_common                     0x0800134c   Section      580  btod.o(CL$$btod_mult_common)
    i.EableLCD                               0x08001590   Section        0  main.o(i.EableLCD)
    i.GPIOSetInput                           0x080015a8   Section        0  main.o(i.GPIOSetInput)
    i.GPIOSetOutput                          0x080015dc   Section        0  main.o(i.GPIOSetOutput)
    i.LCDBegin                               0x080016c0   Section        0  main.o(i.LCDBegin)
    i.LCDCharacterMode                       0x080016d4   Section        0  main.o(i.LCDCharacterMode)
    i.LCDClear                               0x080016e8   Section        0  main.o(i.LCDClear)
    i.LCDCommandMode                         0x080016f4   Section        0  main.o(i.LCDCommandMode)
    i.LCDInitialize                          0x08001708   Section        0  main.o(i.LCDInitialize)
    i.LCDPrintFloat                          0x08001784   Section        0  main.o(i.LCDPrintFloat)
    i.LCDPrintInteger                        0x080017c4   Section        0  main.o(i.LCDPrintInteger)
    i.LCDPrintMatrix                         0x080017f4   Section        0  main.o(i.LCDPrintMatrix)
    i.LCDPrintString                         0x0800180e   Section        0  main.o(i.LCDPrintString)
    i.LCDSetToWrite                          0x08001824   Section        0  main.o(i.LCDSetToWrite)
    i.LCDWelcome                             0x08001838   Section        0  main.o(i.LCDWelcome)
    i.SendBytesToLCD                         0x080018a8   Section        0  main.o(i.SendBytesToLCD)
    i.SendCharacterToLCD                     0x0800192c   Section        0  main.o(i.SendCharacterToLCD)
    i.SendCommandToLCD                       0x08001944   Section        0  main.o(i.SendCommandToLCD)
    i.SystemInit                             0x0800195c   Section        0  system_stm32l1xx.o(i.SystemInit)
    i.__ARM_fpclassify                       0x080019c0   Section        0  fpclassify.o(i.__ARM_fpclassify)
    i._is_digit                              0x080019e8   Section        0  __printf_wp.o(i._is_digit)
    i.delay                                  0x080019f6   Section        0  main.o(i.delay)
    i.digitalRead                            0x08001a0c   Section        0  main.o(i.digitalRead)
    i.digitalWrite                           0x08001a16   Section        0  main.o(i.digitalWrite)
    i.main                                   0x08001a34   Section        0  main.o(i.main)
    i.setCursor                              0x08001aa0   Section        0  main.o(i.setCursor)
    locale$$code                             0x08001ac0   Section       44  lc_numeric_c.o(locale$$code)
    x$fpl$dretinf                            0x08001aec   Section       12  dretinf.o(x$fpl$dretinf)
    x$fpl$f2d                                0x08001af8   Section       86  f2d.o(x$fpl$f2d)
    x$fpl$fnaninf                            0x08001b4e   Section      140  fnaninf.o(x$fpl$fnaninf)
    x$fpl$printf1                            0x08001bda   Section        4  printf1.o(x$fpl$printf1)
    x$fpl$usenofp                            0x08001bde   Section        0  usenofp.o(x$fpl$usenofp)
    .constdata                               0x08001be0   Section      148  bigflt0.o(.constdata)
    tenpwrs_x                                0x08001be0   Data          60  bigflt0.o(.constdata)
    tenpwrs_i                                0x08001c1c   Data          64  bigflt0.o(.constdata)
    locale$$data                             0x08001c94   Section       28  lc_numeric_c.o(locale$$data)
    __lcnum_c_name                           0x08001c98   Data           2  lc_numeric_c.o(locale$$data)
    __lcnum_c_start                          0x08001ca0   Data           0  lc_numeric_c.o(locale$$data)
    __lcnum_c_point                          0x08001cac   Data           0  lc_numeric_c.o(locale$$data)
    __lcnum_c_thousands                      0x08001cae   Data           0  lc_numeric_c.o(locale$$data)
    __lcnum_c_grouping                       0x08001caf   Data           0  lc_numeric_c.o(locale$$data)
    __lcnum_c_end                            0x08001cb0   Data           0  lc_numeric_c.o(locale$$data)
    .data                                    0x20000000   Section       38  main.o(.data)
    .bss                                     0x20000028   Section       96  libspace.o(.bss)
    HEAP                                     0x20000088   Section      512  startup_stm32l151xe.o(HEAP)
    Heap_Mem                                 0x20000088   Data         512  startup_stm32l151xe.o(HEAP)
    STACK                                    0x20000288   Section     1024  startup_stm32l151xe.o(STACK)
    Stack_Mem                                0x20000288   Data        1024  startup_stm32l151xe.o(STACK)
    __initial_sp                             0x20000688   Data           0  startup_stm32l151xe.o(STACK)

    Global Symbols

    Symbol Name                              Value     Ov Type        Size  Object(Section)

    BuildAttributes$$THM_ISAv4$P$D$K$B$S$PE$A:L22UL41UL21$X:L11$S22US41US21$IEEE1$IW$USESV6$~STKCKD$USESV7$~SHL$OTIME$ROPI$IEEEJ$EBA8$UX$STANDARDLIB$REQ8$PRES8$EABIv2 0x00000000   Number         0  anon$$obj.o ABSOLUTE
    __ARM_use_no_argv                        0x00000000   Number         0  main.o ABSOLUTE
    _printf_flags                            0x00000000   Number         0  printf_stubs.o ABSOLUTE
    _printf_return_value                     0x00000000   Number         0  printf_stubs.o ABSOLUTE
    _printf_sizespec                         0x00000000   Number         0  printf_stubs.o ABSOLUTE
    _printf_widthprec                        0x00000000   Number         0  printf_stubs.o ABSOLUTE
    __ARM_exceptions_init                     - Undefined Weak Reference
    __alloca_initialize                       - Undefined Weak Reference
    __arm_preinit_                            - Undefined Weak Reference
    __cpp_initialize__aeabi_                  - Undefined Weak Reference
    __cxa_finalize                            - Undefined Weak Reference
    __sigvec_lookup                           - Undefined Weak Reference
    __user_heap_extent                        - Undefined Weak Reference
    _atexit_init                              - Undefined Weak Reference
    _call_atexit_fns                          - Undefined Weak Reference
    _clock_init                               - Undefined Weak Reference
    _fp_trap_init                             - Undefined Weak Reference
    _fp_trap_shutdown                         - Undefined Weak Reference
    _get_lc_collate                           - Undefined Weak Reference
    _get_lc_ctype                             - Undefined Weak Reference
    _get_lc_monetary                          - Undefined Weak Reference
    _get_lc_time                              - Undefined Weak Reference
    _getenv_init                              - Undefined Weak Reference
    _handle_redirection                       - Undefined Weak Reference
    _initio                                   - Undefined Weak Reference
    _mutex_acquire                            - Undefined Weak Reference
    _mutex_free                               - Undefined Weak Reference
    _mutex_release                            - Undefined Weak Reference
    _printf_post_padding                      - Undefined Weak Reference
    _printf_pre_padding                       - Undefined Weak Reference
    _printf_truncate_signed                   - Undefined Weak Reference
    _printf_truncate_unsigned                 - Undefined Weak Reference
    _rand_init                                - Undefined Weak Reference
    _signal_finish                            - Undefined Weak Reference
    _signal_init                              - Undefined Weak Reference
    _terminateio                              - Undefined Weak Reference
    __Vectors_Size                           0x00000124   Number         0  startup_stm32l151xe.o ABSOLUTE
    __Vectors                                0x08000000   Data           4  startup_stm32l151xe.o(RESET)
    __Vectors_End                            0x08000124   Data           0  startup_stm32l151xe.o(RESET)
    __main                                   0x08000125   Thumb Code     8  __main.o(!!!main)
    __scatterload                            0x0800012d   Thumb Code     0  __scatter.o(!!!scatter)
    __scatterload_rt2                        0x0800012d   Thumb Code    44  __scatter.o(!!!scatter)
    __scatterload_rt2_thumb_only             0x0800012d   Thumb Code     0  __scatter.o(!!!scatter)
    __scatterload_null                       0x0800013b   Thumb Code     0  __scatter.o(!!!scatter)
    __scatterload_copy                       0x08000161   Thumb Code    26  __scatter_copy.o(!!handler_copy)
    __scatterload_zeroinit                   0x0800017d   Thumb Code    28  __scatter_zi.o(!!handler_zi)
    _printf_f                                0x08000199   Thumb Code     0  _printf_f.o(.ARM.Collect$$_printf_percent$$00000003)
    _printf_percent                          0x08000199   Thumb Code     0  _printf_percent.o(.ARM.Collect$$_printf_percent$$00000000)
    _printf_d                                0x0800019f   Thumb Code     0  _printf_d.o(.ARM.Collect$$_printf_percent$$00000009)
    _printf_percent_end                      0x080001a5   Thumb Code     0  _printf_percent_end.o(.ARM.Collect$$_printf_percent$$00000017)
    __rt_lib_init                            0x080001a9   Thumb Code     0  libinit.o(.ARM.Collect$$libinit$$00000000)
    __rt_lib_init_fp_1                       0x080001ab   Thumb Code     0  libinit2.o(.ARM.Collect$$libinit$$00000002)
    __rt_lib_init_heap_2                     0x080001ab   Thumb Code     0  libinit2.o(.ARM.Collect$$libinit$$00000005)
    __rt_lib_init_preinit_1                  0x080001ab   Thumb Code     0  libinit2.o(.ARM.Collect$$libinit$$00000004)
    __rt_lib_init_heap_1                     0x080001b3   Thumb Code     0  libinit2.o(.ARM.Collect$$libinit$$0000000A)
    __rt_lib_init_lc_common                  0x080001b3   Thumb Code     0  libinit2.o(.ARM.Collect$$libinit$$0000000F)
    __rt_lib_init_rand_1                     0x080001b3   Thumb Code     0  libinit2.o(.ARM.Collect$$libinit$$0000000E)
    __rt_lib_init_user_alloc_1               0x080001b3   Thumb Code     0  libinit2.o(.ARM.Collect$$libinit$$0000000C)
    __rt_lib_init_lc_collate_1               0x080001b9   Thumb Code     0  libinit2.o(.ARM.Collect$$libinit$$00000011)
    __rt_lib_init_lc_ctype_1                 0x080001b9   Thumb Code     0  libinit2.o(.ARM.Collect$$libinit$$00000013)
    __rt_lib_init_lc_monetary_1              0x080001b9   Thumb Code     0  libinit2.o(.ARM.Collect$$libinit$$00000015)
    __rt_lib_init_lc_numeric_2               0x080001b9   Thumb Code     0  libinit2.o(.ARM.Collect$$libinit$$00000016)
    __rt_lib_init_alloca_1                   0x080001c3   Thumb Code     0  libinit2.o(.ARM.Collect$$libinit$$0000002E)
    __rt_lib_init_argv_1                     0x080001c3   Thumb Code     0  libinit2.o(.ARM.Collect$$libinit$$0000002C)
    __rt_lib_init_atexit_1                   0x080001c3   Thumb Code     0  libinit2.o(.ARM.Collect$$libinit$$0000001B)
    __rt_lib_init_clock_1                    0x080001c3   Thumb Code     0  libinit2.o(.ARM.Collect$$libinit$$00000021)
    __rt_lib_init_cpp_1                      0x080001c3   Thumb Code     0  libinit2.o(.ARM.Collect$$libinit$$00000032)
    __rt_lib_init_exceptions_1               0x080001c3   Thumb Code     0  libinit2.o(.ARM.Collect$$libinit$$00000030)
    __rt_lib_init_fp_trap_1                  0x080001c3   Thumb Code     0  libinit2.o(.ARM.Collect$$libinit$$0000001F)
    __rt_lib_init_getenv_1                   0x080001c3   Thumb Code     0  libinit2.o(.ARM.Collect$$libinit$$00000023)
    __rt_lib_init_lc_numeric_1               0x080001c3   Thumb Code     0  libinit2.o(.ARM.Collect$$libinit$$00000017)
    __rt_lib_init_lc_time_1                  0x080001c3   Thumb Code     0  libinit2.o(.ARM.Collect$$libinit$$00000019)
    __rt_lib_init_return                     0x080001c3   Thumb Code     0  libinit2.o(.ARM.Collect$$libinit$$00000033)
    __rt_lib_init_signal_1                   0x080001c3   Thumb Code     0  libinit2.o(.ARM.Collect$$libinit$$0000001D)
    __rt_lib_init_stdio_1                    0x080001c3   Thumb Code     0  libinit2.o(.ARM.Collect$$libinit$$00000025)
    __rt_lib_shutdown                        0x080001c5   Thumb Code     0  libshutdown.o(.ARM.Collect$$libshutdown$$00000000)
    __rt_lib_shutdown_cpp_1                  0x080001c7   Thumb Code     0  libshutdown2.o(.ARM.Collect$$libshutdown$$00000002)
    __rt_lib_shutdown_fp_trap_1              0x080001c7   Thumb Code     0  libshutdown2.o(.ARM.Collect$$libshutdown$$00000007)
    __rt_lib_shutdown_heap_1                 0x080001c7   Thumb Code     0  libshutdown2.o(.ARM.Collect$$libshutdown$$0000000F)
    __rt_lib_shutdown_return                 0x080001c7   Thumb Code     0  libshutdown2.o(.ARM.Collect$$libshutdown$$00000010)
    __rt_lib_shutdown_signal_1               0x080001c7   Thumb Code     0  libshutdown2.o(.ARM.Collect$$libshutdown$$0000000A)
    __rt_lib_shutdown_stdio_1                0x080001c7   Thumb Code     0  libshutdown2.o(.ARM.Collect$$libshutdown$$00000004)
    __rt_lib_shutdown_user_alloc_1           0x080001c7   Thumb Code     0  libshutdown2.o(.ARM.Collect$$libshutdown$$0000000C)
    __rt_entry                               0x080001c9   Thumb Code     0  __rtentry.o(.ARM.Collect$$rtentry$$00000000)
    __rt_entry_presh_1                       0x080001c9   Thumb Code     0  __rtentry2.o(.ARM.Collect$$rtentry$$00000002)
    __rt_entry_sh                            0x080001c9   Thumb Code     0  __rtentry4.o(.ARM.Collect$$rtentry$$00000004)
    __rt_entry_li                            0x080001cf   Thumb Code     0  __rtentry2.o(.ARM.Collect$$rtentry$$0000000A)
    __rt_entry_postsh_1                      0x080001cf   Thumb Code     0  __rtentry2.o(.ARM.Collect$$rtentry$$00000009)
    __rt_entry_main                          0x080001d3   Thumb Code     0  __rtentry2.o(.ARM.Collect$$rtentry$$0000000D)
    __rt_entry_postli_1                      0x080001d3   Thumb Code     0  __rtentry2.o(.ARM.Collect$$rtentry$$0000000C)
    __rt_exit                                0x080001db   Thumb Code     0  rtexit.o(.ARM.Collect$$rtexit$$00000000)
    __rt_exit_ls                             0x080001dd   Thumb Code     0  rtexit2.o(.ARM.Collect$$rtexit$$00000003)
    __rt_exit_prels_1                        0x080001dd   Thumb Code     0  rtexit2.o(.ARM.Collect$$rtexit$$00000002)
    __rt_exit_exit                           0x080001e1   Thumb Code     0  rtexit2.o(.ARM.Collect$$rtexit$$00000004)
    Reset_Handler                            0x080001e9   Thumb Code     8  startup_stm32l151xe.o(.text)
    _maybe_terminate_alloc                   0x080001e9   Thumb Code     0  maybetermalloc1.o(.emb_text)
    NMI_Handler                              0x080001f1   Thumb Code     2  startup_stm32l151xe.o(.text)
    HardFault_Handler                        0x080001f3   Thumb Code     2  startup_stm32l151xe.o(.text)
    MemManage_Handler                        0x080001f5   Thumb Code     2  startup_stm32l151xe.o(.text)
    BusFault_Handler                         0x080001f7   Thumb Code     2  startup_stm32l151xe.o(.text)
    UsageFault_Handler                       0x080001f9   Thumb Code     2  startup_stm32l151xe.o(.text)
    SVC_Handler                              0x080001fb   Thumb Code     2  startup_stm32l151xe.o(.text)
    DebugMon_Handler                         0x080001fd   Thumb Code     2  startup_stm32l151xe.o(.text)
    PendSV_Handler                           0x080001ff   Thumb Code     2  startup_stm32l151xe.o(.text)
    SysTick_Handler                          0x08000201   Thumb Code     2  startup_stm32l151xe.o(.text)
    ADC1_IRQHandler                          0x08000203   Thumb Code     0  startup_stm32l151xe.o(.text)
    COMP_ACQ_IRQHandler                      0x08000203   Thumb Code     0  startup_stm32l151xe.o(.text)
    COMP_IRQHandler                          0x08000203   Thumb Code     0  startup_stm32l151xe.o(.text)
    DAC_IRQHandler                           0x08000203   Thumb Code     0  startup_stm32l151xe.o(.text)
    DMA1_Channel1_IRQHandler                 0x08000203   Thumb Code     0  startup_stm32l151xe.o(.text)
    DMA1_Channel2_IRQHandler                 0x08000203   Thumb Code     0  startup_stm32l151xe.o(.text)
    DMA1_Channel3_IRQHandler                 0x08000203   Thumb Code     0  startup_stm32l151xe.o(.text)
    DMA1_Channel4_IRQHandler                 0x08000203   Thumb Code     0  startup_stm32l151xe.o(.text)
    DMA1_Channel5_IRQHandler                 0x08000203   Thumb Code     0  startup_stm32l151xe.o(.text)
    DMA1_Channel6_IRQHandler                 0x08000203   Thumb Code     0  startup_stm32l151xe.o(.text)
    DMA1_Channel7_IRQHandler                 0x08000203   Thumb Code     0  startup_stm32l151xe.o(.text)
    DMA2_Channel1_IRQHandler                 0x08000203   Thumb Code     0  startup_stm32l151xe.o(.text)
    DMA2_Channel2_IRQHandler                 0x08000203   Thumb Code     0  startup_stm32l151xe.o(.text)
    DMA2_Channel3_IRQHandler                 0x08000203   Thumb Code     0  startup_stm32l151xe.o(.text)
    DMA2_Channel4_IRQHandler                 0x08000203   Thumb Code     0  startup_stm32l151xe.o(.text)
    DMA2_Channel5_IRQHandler                 0x08000203   Thumb Code     0  startup_stm32l151xe.o(.text)
    EXTI0_IRQHandler                         0x08000203   Thumb Code     0  startup_stm32l151xe.o(.text)
    EXTI15_10_IRQHandler                     0x08000203   Thumb Code     0  startup_stm32l151xe.o(.text)
    EXTI1_IRQHandler                         0x08000203   Thumb Code     0  startup_stm32l151xe.o(.text)
    EXTI2_IRQHandler                         0x08000203   Thumb Code     0  startup_stm32l151xe.o(.text)
    EXTI3_IRQHandler                         0x08000203   Thumb Code     0  startup_stm32l151xe.o(.text)
    EXTI4_IRQHandler                         0x08000203   Thumb Code     0  startup_stm32l151xe.o(.text)
    EXTI9_5_IRQHandler                       0x08000203   Thumb Code     0  startup_stm32l151xe.o(.text)
    FLASH_IRQHandler                         0x08000203   Thumb Code     0  startup_stm32l151xe.o(.text)
    I2C1_ER_IRQHandler                       0x08000203   Thumb Code     0  startup_stm32l151xe.o(.text)
    I2C1_EV_IRQHandler                       0x08000203   Thumb Code     0  startup_stm32l151xe.o(.text)
    I2C2_ER_IRQHandler                       0x08000203   Thumb Code     0  startup_stm32l151xe.o(.text)
    I2C2_EV_IRQHandler                       0x08000203   Thumb Code     0  startup_stm32l151xe.o(.text)
    PVD_IRQHandler                           0x08000203   Thumb Code     0  startup_stm32l151xe.o(.text)
    RCC_IRQHandler                           0x08000203   Thumb Code     0  startup_stm32l151xe.o(.text)
    RTC_Alarm_IRQHandler                     0x08000203   Thumb Code     0  startup_stm32l151xe.o(.text)
    RTC_WKUP_IRQHandler                      0x08000203   Thumb Code     0  startup_stm32l151xe.o(.text)
    SPI1_IRQHandler                          0x08000203   Thumb Code     0  startup_stm32l151xe.o(.text)
    SPI2_IRQHandler                          0x08000203   Thumb Code     0  startup_stm32l151xe.o(.text)
    SPI3_IRQHandler                          0x08000203   Thumb Code     0  startup_stm32l151xe.o(.text)
    TAMPER_STAMP_IRQHandler                  0x08000203   Thumb Code     0  startup_stm32l151xe.o(.text)
    TIM10_IRQHandler                         0x08000203   Thumb Code     0  startup_stm32l151xe.o(.text)
    TIM11_IRQHandler                         0x08000203   Thumb Code     0  startup_stm32l151xe.o(.text)
    TIM2_IRQHandler                          0x08000203   Thumb Code     0  startup_stm32l151xe.o(.text)
    TIM3_IRQHandler                          0x08000203   Thumb Code     0  startup_stm32l151xe.o(.text)
    TIM4_IRQHandler                          0x08000203   Thumb Code     0  startup_stm32l151xe.o(.text)
    TIM5_IRQHandler                          0x08000203   Thumb Code     0  startup_stm32l151xe.o(.text)
    TIM6_IRQHandler                          0x08000203   Thumb Code     0  startup_stm32l151xe.o(.text)
    TIM7_IRQHandler                          0x08000203   Thumb Code     0  startup_stm32l151xe.o(.text)
    TIM9_IRQHandler                          0x08000203   Thumb Code     0  startup_stm32l151xe.o(.text)
    UART4_IRQHandler                         0x08000203   Thumb Code     0  startup_stm32l151xe.o(.text)
    UART5_IRQHandler                         0x08000203   Thumb Code     0  startup_stm32l151xe.o(.text)
    USART1_IRQHandler                        0x08000203   Thumb Code     0  startup_stm32l151xe.o(.text)
    USART2_IRQHandler                        0x08000203   Thumb Code     0  startup_stm32l151xe.o(.text)
    USART3_IRQHandler                        0x08000203   Thumb Code     0  startup_stm32l151xe.o(.text)
    USB_FS_WKUP_IRQHandler                   0x08000203   Thumb Code     0  startup_stm32l151xe.o(.text)
    USB_HP_IRQHandler                        0x08000203   Thumb Code     0  startup_stm32l151xe.o(.text)
    USB_LP_IRQHandler                        0x08000203   Thumb Code     0  startup_stm32l151xe.o(.text)
    WWDG_IRQHandler                          0x08000203   Thumb Code     0  startup_stm32l151xe.o(.text)
    __user_initial_stackheap                 0x08000205   Thumb Code     0  startup_stm32l151xe.o(.text)
    malloc                                   0x08000229   Thumb Code    94  h1_alloc.o(.text)
    free                                     0x08000287   Thumb Code    78  h1_free.o(.text)
    __2sprintf                               0x080002d5   Thumb Code    34  noretval__2sprintf.o(.text)
    _printf_int_dec                          0x080002fd   Thumb Code   104  _printf_dec.o(.text)
    __printf                                 0x08000375   Thumb Code   270  __printf_wp.o(.text)
    __use_two_region_memory                  0x08000483   Thumb Code     2  heapauxi.o(.text)
    __rt_heap_escrow                         0x08000485   Thumb Code     2  heapauxi.o(.text)
    __rt_heap_expand                         0x08000487   Thumb Code     2  heapauxi.o(.text)
    __rt_heap_descriptor                     0x08000489   Thumb Code     8  rt_heap_descriptor_intlibspace.o(.text)
    __use_no_heap                            0x08000491   Thumb Code     2  hguard.o(.text)
    __heap$guard                             0x08000493   Thumb Code     2  hguard.o(.text)
    _terminate_user_alloc                    0x08000495   Thumb Code     2  init_alloc.o(.text)
    _init_user_alloc                         0x08000497   Thumb Code     2  init_alloc.o(.text)
    __Heap_Full                              0x08000499   Thumb Code    34  init_alloc.o(.text)
    __Heap_Broken                            0x080004bb   Thumb Code     6  init_alloc.o(.text)
    _init_alloc                              0x080004c1   Thumb Code    94  init_alloc.o(.text)
    __Heap_Initialize                        0x0800051f   Thumb Code    10  h1_init.o(.text)
    __Heap_DescSize                          0x08000529   Thumb Code     4  h1_init.o(.text)
    _printf_int_common                       0x0800052d   Thumb Code   178  _printf_intcommon.o(.text)
    __lib_sel_fp_printf                      0x080005df   Thumb Code     2  _printf_fp_dec.o(.text)
    _printf_fp_dec_real                      0x08000791   Thumb Code   620  _printf_fp_dec.o(.text)
    _printf_char_common                      0x08000a07   Thumb Code    32  _printf_char_common.o(.text)
    _sputc                                   0x08000a2d   Thumb Code    10  _sputc.o(.text)
    __user_libspace                          0x08000a39   Thumb Code     8  libspace.o(.text)
    __user_perproc_libspace                  0x08000a39   Thumb Code     0  libspace.o(.text)
    __user_perthread_libspace                0x08000a39   Thumb Code     0  libspace.o(.text)
    __rt_locale                              0x08000a41   Thumb Code     8  rt_locale_intlibspace.o(.text)
    __Heap_ProvideMemory                     0x08000a49   Thumb Code    52  h1_extend.o(.text)
    _ll_udiv10                               0x08000a7d   Thumb Code   138  lludiv10.o(.text)
    _printf_fp_infnan                        0x08000b09   Thumb Code   112  _printf_fp_infnan.o(.text)
    _btod_etento                             0x08000b89   Thumb Code   224  bigflt0.o(.text)
    __rt_SIGRTMEM                            0x08000c6d   Thumb Code    14  defsig_rtmem_outer.o(.text)
    __I$use$semihosting                      0x08000c7b   Thumb Code     0  use_no_semi.o(.text)
    __use_no_semihosting_swi                 0x08000c7b   Thumb Code     2  use_no_semi.o(.text)
    __semihosting_library_function           0x08000c7d   Thumb Code     0  indicate_semi.o(.text)
    __user_setup_stackheap                   0x08000c7d   Thumb Code    74  sys_stackheap_outer.o(.text)
    exit                                     0x08000cc7   Thumb Code    18  exit.o(.text)
    __sig_exit                               0x08000cd9   Thumb Code    10  defsig_exit.o(.text)
    __rt_SIGRTMEM_inner                      0x08000ce5   Thumb Code    22  defsig_rtmem_inner.o(.text)
    strcmp                                   0x08000d35   Thumb Code   128  strcmpv7m.o(.text)
    _sys_exit                                0x08000db5   Thumb Code     8  sys_exit.o(.text)
    __default_signal_display                 0x08000dc1   Thumb Code    50  defsig_general.o(.text)
    _ttywrch                                 0x08000df3   Thumb Code    14  sys_wrch.o(.text)
    _btod_d2e                                0x08000e01   Thumb Code    62  btod.o(CL$$btod_d2e)
    _d2e_denorm_low                          0x08000e3f   Thumb Code    70  btod.o(CL$$btod_d2e_denorm_low)
    _d2e_norm_op1                            0x08000e85   Thumb Code    96  btod.o(CL$$btod_d2e_norm_op1)
    __btod_div_common                        0x08000ee5   Thumb Code   696  btod.o(CL$$btod_div_common)
    _e2e                                     0x0800121d   Thumb Code   220  btod.o(CL$$btod_e2e)
    _btod_ediv                               0x080012f9   Thumb Code    42  btod.o(CL$$btod_ediv)
    _btod_emul                               0x08001323   Thumb Code    42  btod.o(CL$$btod_emul)
    __btod_mult_common                       0x0800134d   Thumb Code   580  btod.o(CL$$btod_mult_common)
    EableLCD                                 0x08001591   Thumb Code    20  main.o(i.EableLCD)
    GPIOSetInput                             0x080015a9   Thumb Code    52  main.o(i.GPIOSetInput)
    GPIOSetOutput                            0x080015dd   Thumb Code   200  main.o(i.GPIOSetOutput)
    LCDBegin                                 0x080016c1   Thumb Code    20  main.o(i.LCDBegin)
    LCDCharacterMode                         0x080016d5   Thumb Code    14  main.o(i.LCDCharacterMode)
    LCDClear                                 0x080016e9   Thumb Code    10  main.o(i.LCDClear)
    LCDCommandMode                           0x080016f5   Thumb Code    14  main.o(i.LCDCommandMode)
    LCDInitialize                            0x08001709   Thumb Code   110  main.o(i.LCDInitialize)
    LCDPrintFloat                            0x08001785   Thumb Code    54  main.o(i.LCDPrintFloat)
    LCDPrintInteger                          0x080017c5   Thumb Code    44  main.o(i.LCDPrintInteger)
    LCDPrintMatrix                           0x080017f5   Thumb Code    26  main.o(i.LCDPrintMatrix)
    LCDPrintString                           0x0800180f   Thumb Code    22  main.o(i.LCDPrintString)
    LCDSetToWrite                            0x08001825   Thumb Code    14  main.o(i.LCDSetToWrite)
    LCDWelcome                               0x08001839   Thumb Code    80  main.o(i.LCDWelcome)
    SendBytesToLCD                           0x080018a9   Thumb Code   120  main.o(i.SendBytesToLCD)
    SendCharacterToLCD                       0x0800192d   Thumb Code    24  main.o(i.SendCharacterToLCD)
    SendCommandToLCD                         0x08001945   Thumb Code    24  main.o(i.SendCommandToLCD)
    SystemInit                               0x0800195d   Thumb Code    82  system_stm32l1xx.o(i.SystemInit)
    __ARM_fpclassify                         0x080019c1   Thumb Code    40  fpclassify.o(i.__ARM_fpclassify)
    _is_digit                                0x080019e9   Thumb Code    14  __printf_wp.o(i._is_digit)
    delay                                    0x080019f7   Thumb Code    22  main.o(i.delay)
    digitalRead                              0x08001a0d   Thumb Code    10  main.o(i.digitalRead)
    digitalWrite                             0x08001a17   Thumb Code    28  main.o(i.digitalWrite)
    main                                     0x08001a35   Thumb Code    82  main.o(i.main)
    setCursor                                0x08001aa1   Thumb Code    28  main.o(i.setCursor)
    _get_lc_numeric                          0x08001ac1   Thumb Code    44  lc_numeric_c.o(locale$$code)
    __fpl_dretinf                            0x08001aed   Thumb Code    12  dretinf.o(x$fpl$dretinf)
    __aeabi_f2d                              0x08001af9   Thumb Code     0  f2d.o(x$fpl$f2d)
    _f2d                                     0x08001af9   Thumb Code    86  f2d.o(x$fpl$f2d)
    __fpl_fnaninf                            0x08001b4f   Thumb Code   140  fnaninf.o(x$fpl$fnaninf)
    _printf_fp_dec                           0x08001bdb   Thumb Code     4  printf1.o(x$fpl$printf1)
    __I$use$fp                               0x08001bde   Number         0  usenofp.o(x$fpl$usenofp)
    Region$$Table$$Base                      0x08001c74   Number         0  anon$$obj.o(Region$$Table)
    Region$$Table$$Limit                     0x08001c94   Number         0  anon$$obj.o(Region$$Table)
    LCDPosition                              0x20000000   Data          32  main.o(.data)
    Develeper                                0x20000020   Data           6  main.o(.data)
    __libspace_start                         0x20000028   Data          96  libspace.o(.bss)
    __temporary_stack_top$libspace           0x20000088   Data           0  libspace.o(.bss)



==============================================================================

Memory Map of the image

  Image Entry point : 0x080001e9

  Load Region LR_1 (Base: 0x08000000, Size: 0x00001cd8, Max: 0xffffffff, ABSOLUTE)

    Execution Region ER_RO (Exec base: 0x08000000, Load base: 0x08000000, Size: 0x00001cb0, Max: 0xffffffff, ABSOLUTE)

    Exec Addr    Load Addr    Size         Type   Attr      Idx    E Section Name        Object

    0x08000000   0x08000000   0x00000124   Data   RO          210    RESET               startup_stm32l151xe.o
    0x08000124   0x08000124   0x00000008   Code   RO          348  * !!!main             c_w.l(__main.o)
    0x0800012c   0x0800012c   0x00000034   Code   RO          614    !!!scatter          c_w.l(__scatter.o)
    0x08000160   0x08000160   0x0000001a   Code   RO          616    !!handler_copy      c_w.l(__scatter_copy.o)
    0x0800017a   0x0800017a   0x00000002   PAD
    0x0800017c   0x0800017c   0x0000001c   Code   RO          618    !!handler_zi        c_w.l(__scatter_zi.o)
    0x08000198   0x08000198   0x00000000   Code   RO          345    .ARM.Collect$$_printf_percent$$00000000  c_w.l(_printf_percent.o)
    0x08000198   0x08000198   0x00000006   Code   RO          344    .ARM.Collect$$_printf_percent$$00000003  c_w.l(_printf_f.o)
    0x0800019e   0x0800019e   0x00000006   Code   RO          343    .ARM.Collect$$_printf_percent$$00000009  c_w.l(_printf_d.o)
    0x080001a4   0x080001a4   0x00000004   Code   RO          390    .ARM.Collect$$_printf_percent$$00000017  c_w.l(_printf_percent_end.o)
    0x080001a8   0x080001a8   0x00000002   Code   RO          553    .ARM.Collect$$libinit$$00000000  c_w.l(libinit.o)
    0x080001aa   0x080001aa   0x00000000   Code   RO          396    .ARM.Collect$$libinit$$00000002  c_w.l(libinit2.o)
    0x080001aa   0x080001aa   0x00000000   Code   RO          398    .ARM.Collect$$libinit$$00000004  c_w.l(libinit2.o)
    0x080001aa   0x080001aa   0x00000008   Code   RO          399    .ARM.Collect$$libinit$$00000005  c_w.l(libinit2.o)
    0x080001b2   0x080001b2   0x00000000   Code   RO          401    .ARM.Collect$$libinit$$0000000A  c_w.l(libinit2.o)
    0x080001b2   0x080001b2   0x00000000   Code   RO          403    .ARM.Collect$$libinit$$0000000C  c_w.l(libinit2.o)
    0x080001b2   0x080001b2   0x00000000   Code   RO          405    .ARM.Collect$$libinit$$0000000E  c_w.l(libinit2.o)
    0x080001b2   0x080001b2   0x00000006   Code   RO          406    .ARM.Collect$$libinit$$0000000F  c_w.l(libinit2.o)
    0x080001b8   0x080001b8   0x00000000   Code   RO          408    .ARM.Collect$$libinit$$00000011  c_w.l(libinit2.o)
    0x080001b8   0x080001b8   0x00000000   Code   RO          410    .ARM.Collect$$libinit$$00000013  c_w.l(libinit2.o)
    0x080001b8   0x080001b8   0x00000000   Code   RO          412    .ARM.Collect$$libinit$$00000015  c_w.l(libinit2.o)
    0x080001b8   0x080001b8   0x0000000a   Code   RO          413    .ARM.Collect$$libinit$$00000016  c_w.l(libinit2.o)
    0x080001c2   0x080001c2   0x00000000   Code   RO          414    .ARM.Collect$$libinit$$00000017  c_w.l(libinit2.o)
    0x080001c2   0x080001c2   0x00000000   Code   RO          416    .ARM.Collect$$libinit$$00000019  c_w.l(libinit2.o)
    0x080001c2   0x080001c2   0x00000000   Code   RO          418    .ARM.Collect$$libinit$$0000001B  c_w.l(libinit2.o)
    0x080001c2   0x080001c2   0x00000000   Code   RO          420    .ARM.Collect$$libinit$$0000001D  c_w.l(libinit2.o)
    0x080001c2   0x080001c2   0x00000000   Code   RO          422    .ARM.Collect$$libinit$$0000001F  c_w.l(libinit2.o)
    0x080001c2   0x080001c2   0x00000000   Code   RO          424    .ARM.Collect$$libinit$$00000021  c_w.l(libinit2.o)
    0x080001c2   0x080001c2   0x00000000   Code   RO          426    .ARM.Collect$$libinit$$00000023  c_w.l(libinit2.o)
    0x080001c2   0x080001c2   0x00000000   Code   RO          428    .ARM.Collect$$libinit$$00000025  c_w.l(libinit2.o)
    0x080001c2   0x080001c2   0x00000000   Code   RO          432    .ARM.Collect$$libinit$$0000002C  c_w.l(libinit2.o)
    0x080001c2   0x080001c2   0x00000000   Code   RO          434    .ARM.Collect$$libinit$$0000002E  c_w.l(libinit2.o)
    0x080001c2   0x080001c2   0x00000000   Code   RO          436    .ARM.Collect$$libinit$$00000030  c_w.l(libinit2.o)
    0x080001c2   0x080001c2   0x00000000   Code   RO          438    .ARM.Collect$$libinit$$00000032  c_w.l(libinit2.o)
    0x080001c2   0x080001c2   0x00000002   Code   RO          439    .ARM.Collect$$libinit$$00000033  c_w.l(libinit2.o)
    0x080001c4   0x080001c4   0x00000002   Code   RO          611    .ARM.Collect$$libshutdown$$00000000  c_w.l(libshutdown.o)
    0x080001c6   0x080001c6   0x00000000   Code   RO          567    .ARM.Collect$$libshutdown$$00000002  c_w.l(libshutdown2.o)
    0x080001c6   0x080001c6   0x00000000   Code   RO          569    .ARM.Collect$$libshutdown$$00000004  c_w.l(libshutdown2.o)
    0x080001c6   0x080001c6   0x00000000   Code   RO          572    .ARM.Collect$$libshutdown$$00000007  c_w.l(libshutdown2.o)
    0x080001c6   0x080001c6   0x00000000   Code   RO          575    .ARM.Collect$$libshutdown$$0000000A  c_w.l(libshutdown2.o)
    0x080001c6   0x080001c6   0x00000000   Code   RO          577    .ARM.Collect$$libshutdown$$0000000C  c_w.l(libshutdown2.o)
    0x080001c6   0x080001c6   0x00000000   Code   RO          580    .ARM.Collect$$libshutdown$$0000000F  c_w.l(libshutdown2.o)
    0x080001c6   0x080001c6   0x00000002   Code   RO          581    .ARM.Collect$$libshutdown$$00000010  c_w.l(libshutdown2.o)
    0x080001c8   0x080001c8   0x00000000   Code   RO          356    .ARM.Collect$$rtentry$$00000000  c_w.l(__rtentry.o)
    0x080001c8   0x080001c8   0x00000000   Code   RO          451    .ARM.Collect$$rtentry$$00000002  c_w.l(__rtentry2.o)
    0x080001c8   0x080001c8   0x00000006   Code   RO          463    .ARM.Collect$$rtentry$$00000004  c_w.l(__rtentry4.o)
    0x080001ce   0x080001ce   0x00000000   Code   RO          453    .ARM.Collect$$rtentry$$00000009  c_w.l(__rtentry2.o)
    0x080001ce   0x080001ce   0x00000004   Code   RO          454    .ARM.Collect$$rtentry$$0000000A  c_w.l(__rtentry2.o)
    0x080001d2   0x080001d2   0x00000000   Code   RO          456    .ARM.Collect$$rtentry$$0000000C  c_w.l(__rtentry2.o)
    0x080001d2   0x080001d2   0x00000008   Code   RO          457    .ARM.Collect$$rtentry$$0000000D  c_w.l(__rtentry2.o)
    0x080001da   0x080001da   0x00000002   Code   RO          556    .ARM.Collect$$rtexit$$00000000  c_w.l(rtexit.o)
    0x080001dc   0x080001dc   0x00000000   Code   RO          585    .ARM.Collect$$rtexit$$00000002  c_w.l(rtexit2.o)
    0x080001dc   0x080001dc   0x00000004   Code   RO          586    .ARM.Collect$$rtexit$$00000003  c_w.l(rtexit2.o)
    0x080001e0   0x080001e0   0x00000006   Code   RO          587    .ARM.Collect$$rtexit$$00000004  c_w.l(rtexit2.o)
    0x080001e6   0x080001e6   0x00000002   PAD
    0x080001e8   0x080001e8   0x00000000   Code   RO          472    .emb_text           c_w.l(maybetermalloc1.o)
    0x080001e8   0x080001e8   0x00000040   Code   RO          211  * .text               startup_stm32l151xe.o
    0x08000228   0x08000228   0x0000005e   Code   RO          257    .text               c_w.l(h1_alloc.o)
    0x08000286   0x08000286   0x0000004e   Code   RO          259    .text               c_w.l(h1_free.o)
    0x080002d4   0x080002d4   0x00000028   Code   RO          317    .text               c_w.l(noretval__2sprintf.o)
    0x080002fc   0x080002fc   0x00000078   Code   RO          321    .text               c_w.l(_printf_dec.o)
    0x08000374   0x08000374   0x0000010e   Code   RO          331    .text               c_w.l(__printf_wp.o)
    0x08000482   0x08000482   0x00000006   Code   RO          346    .text               c_w.l(heapauxi.o)
    0x08000488   0x08000488   0x00000008   Code   RO          360    .text               c_w.l(rt_heap_descriptor_intlibspace.o)
    0x08000490   0x08000490   0x00000004   Code   RO          362    .text               c_w.l(hguard.o)
    0x08000494   0x08000494   0x0000008a   Code   RO          364    .text               c_w.l(init_alloc.o)
    0x0800051e   0x0800051e   0x0000000e   Code   RO          368    .text               c_w.l(h1_init.o)
    0x0800052c   0x0800052c   0x000000b2   Code   RO          382    .text               c_w.l(_printf_intcommon.o)
    0x080005de   0x080005de   0x0000041e   Code   RO          384    .text               c_w.l(_printf_fp_dec.o)
    0x080009fc   0x080009fc   0x00000030   Code   RO          386    .text               c_w.l(_printf_char_common.o)
    0x08000a2c   0x08000a2c   0x0000000a   Code   RO          388    .text               c_w.l(_sputc.o)
    0x08000a36   0x08000a36   0x00000002   PAD
    0x08000a38   0x08000a38   0x00000008   Code   RO          447    .text               c_w.l(libspace.o)
    0x08000a40   0x08000a40   0x00000008   Code   RO          468    .text               c_w.l(rt_locale_intlibspace.o)
    0x08000a48   0x08000a48   0x00000034   Code   RO          474    .text               c_w.l(h1_extend.o)
    0x08000a7c   0x08000a7c   0x0000008a   Code   RO          478    .text               c_w.l(lludiv10.o)
    0x08000b06   0x08000b06   0x00000002   PAD
    0x08000b08   0x08000b08   0x00000080   Code   RO          480    .text               c_w.l(_printf_fp_infnan.o)
    0x08000b88   0x08000b88   0x000000e4   Code   RO          484    .text               c_w.l(bigflt0.o)
    0x08000c6c   0x08000c6c   0x0000000e   Code   RO          512    .text               c_w.l(defsig_rtmem_outer.o)
    0x08000c7a   0x08000c7a   0x00000002   Code   RO          527    .text               c_w.l(use_no_semi.o)
    0x08000c7c   0x08000c7c   0x00000000   Code   RO          529    .text               c_w.l(indicate_semi.o)
    0x08000c7c   0x08000c7c   0x0000004a   Code   RO          530    .text               c_w.l(sys_stackheap_outer.o)
    0x08000cc6   0x08000cc6   0x00000012   Code   RO          536    .text               c_w.l(exit.o)
    0x08000cd8   0x08000cd8   0x0000000a   Code   RO          538    .text               c_w.l(defsig_exit.o)
    0x08000ce2   0x08000ce2   0x00000002   PAD
    0x08000ce4   0x08000ce4   0x00000050   Code   RO          540    .text               c_w.l(defsig_rtmem_inner.o)
    0x08000d34   0x08000d34   0x00000080   Code   RO          542    .text               c_w.l(strcmpv7m.o)
    0x08000db4   0x08000db4   0x0000000c   Code   RO          554    .text               c_w.l(sys_exit.o)
    0x08000dc0   0x08000dc0   0x00000032   Code   RO          564    .text               c_w.l(defsig_general.o)
    0x08000df2   0x08000df2   0x0000000e   Code   RO          582    .text               c_w.l(sys_wrch.o)
    0x08000e00   0x08000e00   0x0000003e   Code   RO          487    CL$$btod_d2e        c_w.l(btod.o)
    0x08000e3e   0x08000e3e   0x00000046   Code   RO          489    CL$$btod_d2e_denorm_low  c_w.l(btod.o)
    0x08000e84   0x08000e84   0x00000060   Code   RO          488    CL$$btod_d2e_norm_op1  c_w.l(btod.o)
    0x08000ee4   0x08000ee4   0x00000338   Code   RO          497    CL$$btod_div_common  c_w.l(btod.o)
    0x0800121c   0x0800121c   0x000000dc   Code   RO          494    CL$$btod_e2e        c_w.l(btod.o)
    0x080012f8   0x080012f8   0x0000002a   Code   RO          491    CL$$btod_ediv       c_w.l(btod.o)
    0x08001322   0x08001322   0x0000002a   Code   RO          490    CL$$btod_emul       c_w.l(btod.o)
    0x0800134c   0x0800134c   0x00000244   Code   RO          496    CL$$btod_mult_common  c_w.l(btod.o)
    0x08001590   0x08001590   0x00000018   Code   RO            5    i.EableLCD          main.o
    0x080015a8   0x080015a8   0x00000034   Code   RO            6    i.GPIOSetInput      main.o
    0x080015dc   0x080015dc   0x000000e4   Code   RO            7    i.GPIOSetOutput     main.o
    0x080016c0   0x080016c0   0x00000014   Code   RO            8    i.LCDBegin          main.o
    0x080016d4   0x080016d4   0x00000014   Code   RO            9    i.LCDCharacterMode  main.o
    0x080016e8   0x080016e8   0x0000000a   Code   RO           10    i.LCDClear          main.o
    0x080016f2   0x080016f2   0x00000002   PAD
    0x080016f4   0x080016f4   0x00000014   Code   RO           11    i.LCDCommandMode    main.o
    0x08001708   0x08001708   0x0000007c   Code   RO           12    i.LCDInitialize     main.o
    0x08001784   0x08001784   0x00000040   Code   RO           13    i.LCDPrintFloat     main.o
    0x080017c4   0x080017c4   0x00000030   Code   RO           14    i.LCDPrintInteger   main.o
    0x080017f4   0x080017f4   0x0000001a   Code   RO           15    i.LCDPrintMatrix    main.o
    0x0800180e   0x0800180e   0x00000016   Code   RO           16    i.LCDPrintString    main.o
    0x08001824   0x08001824   0x00000014   Code   RO           19    i.LCDSetToWrite     main.o
    0x08001838   0x08001838   0x00000070   Code   RO           20    i.LCDWelcome        main.o
    0x080018a8   0x080018a8   0x00000084   Code   RO           21    i.SendBytesToLCD    main.o
    0x0800192c   0x0800192c   0x00000018   Code   RO           22    i.SendCharacterToLCD  main.o
    0x08001944   0x08001944   0x00000018   Code   RO           23    i.SendCommandToLCD  main.o
    0x0800195c   0x0800195c   0x00000064   Code   RO          219    i.SystemInit        system_stm32l1xx.o
    0x080019c0   0x080019c0   0x00000028   Code   RO          525    i.__ARM_fpclassify  m_ws.l(fpclassify.o)
    0x080019e8   0x080019e8   0x0000000e   Code   RO          333    i._is_digit         c_w.l(__printf_wp.o)
    0x080019f6   0x080019f6   0x00000016   Code   RO           24    i.delay             main.o
    0x08001a0c   0x08001a0c   0x0000000a   Code   RO           25    i.digitalRead       main.o
    0x08001a16   0x08001a16   0x0000001c   Code   RO           26    i.digitalWrite      main.o
    0x08001a32   0x08001a32   0x00000002   PAD
    0x08001a34   0x08001a34   0x0000006c   Code   RO           27    i.main              main.o
    0x08001aa0   0x08001aa0   0x00000020   Code   RO           28    i.setCursor         main.o
    0x08001ac0   0x08001ac0   0x0000002c   Code   RO          510    locale$$code        c_w.l(lc_numeric_c.o)
    0x08001aec   0x08001aec   0x0000000c   Code   RO          440    x$fpl$dretinf       fz_ws.l(dretinf.o)
    0x08001af8   0x08001af8   0x00000056   Code   RO          350    x$fpl$f2d           fz_ws.l(f2d.o)
    0x08001b4e   0x08001b4e   0x0000008c   Code   RO          442    x$fpl$fnaninf       fz_ws.l(fnaninf.o)
    0x08001bda   0x08001bda   0x00000004   Code   RO          352    x$fpl$printf1       fz_ws.l(printf1.o)
    0x08001bde   0x08001bde   0x00000000   Code   RO          444    x$fpl$usenofp       fz_ws.l(usenofp.o)
    0x08001bde   0x08001bde   0x00000002   PAD
    0x08001be0   0x08001be0   0x00000094   Data   RO          485    .constdata          c_w.l(bigflt0.o)
    0x08001c74   0x08001c74   0x00000020   Data   RO          612    Region$$Table       anon$$obj.o
    0x08001c94   0x08001c94   0x0000001c   Data   RO          509    locale$$data        c_w.l(lc_numeric_c.o)


    Execution Region ER_RW (Exec base: 0x20000000, Load base: 0x08001cb0, Size: 0x00000028, Max: 0xffffffff, ABSOLUTE)

    Exec Addr    Load Addr    Size         Type   Attr      Idx    E Section Name        Object

    0x20000000   0x08001cb0   0x00000026   Data   RW           29    .data               main.o


    Execution Region ER_ZI (Exec base: 0x20000028, Load base: 0x08001cd8, Size: 0x00000660, Max: 0xffffffff, ABSOLUTE)

    Exec Addr    Load Addr    Size         Type   Attr      Idx    E Section Name        Object

    0x20000028        -       0x00000060   Zero   RW          448    .bss                c_w.l(libspace.o)
    0x20000088        -       0x00000200   Zero   RW          209    HEAP                startup_stm32l151xe.o
    0x20000288        -       0x00000400   Zero   RW          208    STACK               startup_stm32l151xe.o


==============================================================================

Image component sizes


      Code (inc. data)   RO Data    RW Data    ZI Data      Debug   Object Name

      1170        152          0         38          0     185278   main.o
        64         26        292          0       1536        808   startup_stm32l151xe.o
       100         18          0          0          0        465   system_stm32l1xx.o

    ----------------------------------------------------------------------
      1338        196        324         40       1536     186551   Object Totals
         0          0         32          0          0          0   (incl. Generated)
         4          0          0          2          0          0   (incl. Padding)

    ----------------------------------------------------------------------

      Code (inc. data)   RO Data    RW Data    ZI Data      Debug   Library Member Name

         8          0          0          0          0         68   __main.o
       284          0          0          0          0        156   __printf_wp.o
         0          0          0          0          0          0   __rtentry.o
        12          0          0          0          0          0   __rtentry2.o
         6          0          0          0          0          0   __rtentry4.o
        52          8          0          0          0          0   __scatter.o
        26          0          0          0          0          0   __scatter_copy.o
        28          0          0          0          0          0   __scatter_zi.o
        48          6          0          0          0         96   _printf_char_common.o
         6          0          0          0          0          0   _printf_d.o
       120         16          0          0          0         92   _printf_dec.o
         6          0          0          0          0          0   _printf_f.o
      1054          0          0          0          0        216   _printf_fp_dec.o
       128         16          0          0          0         84   _printf_fp_infnan.o
       178          0          0          0          0         88   _printf_intcommon.o
         0          0          0          0          0          0   _printf_percent.o
         4          0          0          0          0          0   _printf_percent_end.o
        10          0          0          0          0         68   _sputc.o
       228          4        148          0          0         96   bigflt0.o
      1936        128          0          0          0        672   btod.o
        10          0          0          0          0         68   defsig_exit.o
        50          0          0          0          0         88   defsig_general.o
        80         58          0          0          0         76   defsig_rtmem_inner.o
        14          0          0          0          0         80   defsig_rtmem_outer.o
        18          0          0          0          0         80   exit.o
        94          0          0          0          0         80   h1_alloc.o
        52          0          0          0          0         68   h1_extend.o
        78          0          0          0          0         80   h1_free.o
        14          0          0          0          0         84   h1_init.o
         6          0          0          0          0        152   heapauxi.o
         4          0          0          0          0        136   hguard.o
         0          0          0          0          0          0   indicate_semi.o
       138          0          0          0          0        168   init_alloc.o
        44         10         28          0          0         76   lc_numeric_c.o
         2          0          0          0          0          0   libinit.o
        26          0          0          0          0          0   libinit2.o
         2          0          0          0          0          0   libshutdown.o
         2          0          0          0          0          0   libshutdown2.o
         8          4          0          0         96         68   libspace.o
       138          0          0          0          0         80   lludiv10.o
         0          0          0          0          0          0   maybetermalloc1.o
        40          6          0          0          0         84   noretval__2sprintf.o
         8          4          0          0          0         68   rt_heap_descriptor_intlibspace.o
         8          4          0          0          0         68   rt_locale_intlibspace.o
         2          0          0          0          0          0   rtexit.o
        10          0          0          0          0          0   rtexit2.o
       128          0          0          0          0         68   strcmpv7m.o
        12          4          0          0          0         68   sys_exit.o
        74          0          0          0          0         80   sys_stackheap_outer.o
        14          0          0          0          0         76   sys_wrch.o
         2          0          0          0          0         68   use_no_semi.o
        12          0          0          0          0         68   dretinf.o
        86          4          0          0          0         84   f2d.o
       140          4          0          0          0         84   fnaninf.o
         4          0          0          0          0         68   printf1.o
         0          0          0          0          0          0   usenofp.o
        40          0          0          0          0         68   fpclassify.o

    ----------------------------------------------------------------------
      5506        276        176          0         96       3972   Library Totals
        12          0          0          0          0          0   (incl. Padding)

    ----------------------------------------------------------------------

      Code (inc. data)   RO Data    RW Data    ZI Data      Debug   Library Name

      5212        268        176          0         96       3600   c_w.l
       242          8          0          0          0        304   fz_ws.l
        40          0          0          0          0         68   m_ws.l

    ----------------------------------------------------------------------
      5506        276        176          0         96       3972   Library Totals

    ----------------------------------------------------------------------

==============================================================================


      Code (inc. data)   RO Data    RW Data    ZI Data      Debug   

      6844        472        500         40       1632     187243   Grand Totals
      6844        472        500         40       1632     187243   ELF Image Totals
      6844        472        500         40          0          0   ROM Totals

==============================================================================

    Total RO  Size (Code + RO Data)                 7344 (   7.17kB)
    Total RW  Size (RW Data + ZI Data)              1672 (   1.63kB)
    Total ROM Size (Code + RO Data + RW Data)       7384 (   7.21kB)

==============================================================================

